 DarkEXE

 Timestamp is 59bef127 (Sun Sep 17 15:03:19 2017)

 Preferred load address is 00400000

 Start         Length     Name                   Class
 0001:00000000 00000030H .text$di                CODE
 0001:00000030 00083e90H .text$mn                CODE
 0001:00083ec0 000001d0H .text$x                 CODE
 0001:00084090 00000016H .text$yd                CODE
 0002:00000000 00000264H .idata$5                DATA
 0002:00000264 00000004H .00cfg                  DATA
 0002:00000268 00000004H .CRT$XCA                DATA
 0002:0000026c 00000004H .CRT$XCAA               DATA
 0002:00000270 00000004H .CRT$XCU                DATA
 0002:00000274 00000004H .CRT$XCZ                DATA
 0002:00000278 00000004H .CRT$XIA                DATA
 0002:0000027c 00000004H .CRT$XIAA               DATA
 0002:00000280 00000004H .CRT$XIAC               DATA
 0002:00000284 00000010H .CRT$XIC                DATA
 0002:00000294 00000004H .CRT$XIZ                DATA
 0002:00000298 00000004H .CRT$XPA                DATA
 0002:0000029c 00000008H .CRT$XPX                DATA
 0002:000002a4 00000004H .CRT$XPXA               DATA
 0002:000002a8 00000004H .CRT$XPZ                DATA
 0002:000002ac 00000004H .CRT$XTA                DATA
 0002:000002b0 00000010H .CRT$XTZ                DATA
 0002:000002b4 00000000H .gfids$y                DATA
 0002:000002c0 0001de10H .rdata                  DATA
 0002:0001e0d0 000003ccH .rdata$r                DATA
 0002:0001e49c 0000039cH .rdata$zzzdbg           DATA
 0002:0001e838 00000004H .rtc$IAA                DATA
 0002:0001e83c 00000014H .rtc$IMZ                DATA
 0002:0001e850 00000004H .rtc$IZZ                DATA
 0002:0001e854 00000004H .rtc$TAA                DATA
 0002:0001e858 00000014H .rtc$TMZ                DATA
 0002:0001e86c 00000004H .rtc$TZZ                DATA
 0002:0001e870 00000e5cH .xdata$x                DATA
 0002:0001f6cc 00000000H .edata                  DATA
 0002:0001f6cc 00000064H .idata$2                DATA
 0002:0001f730 00000014H .idata$3                DATA
 0002:0001f744 00000264H .idata$4                DATA
 0002:0001f9a8 00000accH .idata$6                DATA
 0003:00000000 00000aa0H .data                   DATA
 0003:00000aa0 00000168H .data$r                 DATA
 0003:00000c08 00001dd4H .bss                    DATA
 0004:00000000 000002b0H .rsrc$01                DATA
 0004:000002b0 00005a78H .rsrc$02                DATA

  Address         Publics by Value              Rva+Base       Lib:Object

 0000:00000000       ___guard_longjmp_table     00000000     <absolute>
 0000:00000000       ___dynamic_value_reloc_table 00000000     <absolute>
 0000:00000000       ___hybrid_code_map         00000000     <absolute>
 0000:00000000       ___guard_longjmp_count     00000000     <absolute>
 0000:00000000       ___hybrid_code_map_count   00000000     <absolute>
 0000:00000000       ___guard_fids_count        00000000     <absolute>
 0000:00000000       __except_list              00000000     <absolute>
 0000:00000000       ___guard_iat_count         00000000     <absolute>
 0000:00000000       ___guard_iat_table         00000000     <absolute>
 0000:00000000       ___hybrid_auxiliary_iat    00000000     <absolute>
 0000:00000000       ___safe_se_handler_count   00000000     <absolute>
 0000:00000000       ___guard_fids_table        00000000     <absolute>
 0000:00000000       ___enclave_config          00000000     <absolute>
 0000:00000000       ___safe_se_handler_table   00000000     <absolute>
 0000:00000100       ___guard_flags             00000100     <absolute>
 0000:00000000       ___ImageBase               00400000     <linker-defined>
 0001:00000030       _WinMain@16                00401030 f   DarkEXE.obj
 0001:000008a0       ?RunProgram@@YA_NPAUHINSTANCE__@@PAPAD@Z 004018a0 f   DarkEXE.obj
 0001:00000e90       ?TempWindowProc@@YGJPAUHWND__@@IIJ@Z 00401e90 f   DarkEXE.obj
 0001:00001020       ?CreateTempWindow@@YAXPAUHINSTANCE__@@PADKK@Z 00402020 f   DarkEXE.obj
 0001:000012c0       ?FFindCloseFile@@YAXXZ     004022c0 f   DarkEXE.obj
 0001:000012f0       ?FFindFirstFile@@YAXXZ     004022f0 f   DarkEXE.obj
 0001:00001340       ?FGetFileReturnValue@@YAHXZ 00402340 f   DarkEXE.obj
 0001:00001350       ?FFindNextFile@@YAXXZ      00402350 f   DarkEXE.obj
 0001:00001380       ?FGetActualTypeValue@@YAHH@Z 00402380 f   DarkEXE.obj
 0001:000013a0       ?DeleteContentsOfDBPDATA@@YAX_N@Z 004023a0 f   DarkEXE.obj
 0001:000015e0       ?MakeOrEnterUniqueDBPDATA@@YAXXZ 004025e0 f   DarkEXE.obj
 0001:000016d0       ?DeleteAllOldDBPDATAFolders@@YAXXZ 004026d0 f   DarkEXE.obj
 0001:000017f0       ?DumpDebugReport@@YAXXZ    004027f0 f   DarkEXE.obj
 0001:00001ac0       ?FileExists@@YA_NPAD@Z     00402ac0 f   DarkEXE.obj
 0001:00001b30       ??_GCFileReader@@QAEPAXI@Z 00402b30 f i DarkEXE.obj
 0001:00001b70       ?IsEXEInstaller@CFileReader@@QAE_NXZ 00402b70 f i DarkEXE.obj
 0001:00001ba0       ??0CFileReader@@QAE@XZ     00402ba0 f   FileReader.obj
 0001:00001be0       ??1CFileReader@@QAE@XZ     00402be0 f   FileReader.obj
 0001:00001d50       ?MakePCKFromEXE@CFileReader@@QAE_NPAD0@Z 00402d50 f   FileReader.obj
 0001:00002110       ?CreateVirtualFileTable@CFileReader@@QAE_NPAD@Z 00403110 f   FileReader.obj
 0001:00002780       ?CreateFileFromData@CFileReader@@QAE_NPAD0K@Z 00403780 f   FileReader.obj
 0001:000028d0       ?StripPathOnly@CFileReader@@QAEXPAD@Z 004038d0 f   FileReader.obj
 0001:00002980       ?StripFileOnly@CFileReader@@QAEXPAD@Z 00403980 f   FileReader.obj
 0001:00002a50       ?RecreatePathFolders@CFileReader@@QAEXPAD@Z 00403a50 f   FileReader.obj
 0001:00002c50       ?RemoveVirtualFileTable@CFileReader@@QAE_NXZ 00403c50 f   FileReader.obj
 0001:00002e60       ?CreateInstallerFolder@CFileReader@@QAE_NPAD@Z 00403e60 f   FileReader.obj
 0001:00003510       ?FreeEXEDataFromMemory@CFileReader@@QAEXXZ 00404510 f   FileReader.obj
 0001:00003560       ?FileExists@CFileReader@@QAE_NPAD@Z 00404560 f   FileReader.obj
 0001:000035e0       ?PathExists@CFileReader@@QAE_NPAD@Z 004045e0 f   FileReader.obj
 0001:00003690       ?GoodDeleteFile@CFileReader@@QAEXPAD@Z 00404690 f   FileReader.obj
 0001:000037f0       ??0CFileTable@@QAE@XZ      004047f0 f   FileReader.obj
 0001:00003850       ??1CFileTable@@QAE@XZ      00404850 f   FileReader.obj
 0001:00003870       ?Add@CFileTable@@QAEXPAV1@@Z 00404870 f   FileReader.obj
 0001:000038d0       ??_GCFileTable@@QAEPAXI@Z  004048d0 f i FileReader.obj
 0001:00003920       ?GetDataPtr@CFileTable@@QAEPADXZ 00404920 f i FileReader.obj
 0001:00003940       ?GetDataSize@CFileTable@@QAEKXZ 00404940 f i FileReader.obj
 0001:00003960       ?GetFilename@CFileTable@@QAEPADXZ 00404960 f i FileReader.obj
 0001:00003980       ?GetNext@CFileTable@@QAEPAV1@XZ 00404980 f i FileReader.obj
 0001:000039a0       ?SetDataPtr@CFileTable@@QAEXPAD@Z 004049a0 f i FileReader.obj
 0001:000039c0       ?SetDataSize@CFileTable@@QAEXK@Z 004049c0 f i FileReader.obj
 0001:000039e0       ?SetFilename@CFileTable@@QAEXPAD@Z 004049e0 f i FileReader.obj
 0001:00003a20       ?SetNext@CFileTable@@QAEXPAV1@@Z 00404a20 f i FileReader.obj
 0001:00003a40       ?SetPrev@CFileTable@@QAEXPAV1@@Z 00404a40 f i FileReader.obj
 0001:00003ce0       ?GetDirectXVersionViaDxDiag@@YAJPAK0PAD@Z 00404ce0 f   getdxver.obj
 0001:000040f0       ?GetDirectXVersionViaFileVersions@@YAJPAK0PAD@Z 004050f0 f   getdxver.obj
 0001:00004de0       ?GetFileVersion@@YAJPADPAT_ULARGE_INTEGER@@@Z 00405de0 f   getdxver.obj
 0001:00004f40       ?MakeInt64@@YA?AT_ULARGE_INTEGER@@GGGG@Z 00405f40 f   getdxver.obj
 0001:00004fd0       ?CompareLargeInts@@YAHT_ULARGE_INTEGER@@0@Z 00405fd0 f   getdxver.obj
 0001:00005010       ?GetDXVersion@@YAJPAKPADH@Z 00406010 f   getdxver.obj
 0001:00005320       ??$__vcrt_va_start_verify_argument_type@PBD@@YAXXZ 00406320 f i getdxver.obj
 0001:00005330       ?StringCchCatA@@YGJPADIPBD@Z 00406330 f i getdxver.obj
 0001:000053d0       ?StringCchCopyA@@YGJPADIPBD@Z 004063d0 f i getdxver.obj
 0001:00005440       ?StringCchPrintfA@@YAJPADIPBDZZ 00406440 f i getdxver.obj
 0001:000054c0       ___local_stdio_printf_options 004064c0 f i getdxver.obj
 0001:000054d0       __vsnprintf                004064d0 f i getdxver.obj
 0001:00005500       __vsnprintf_l              00406500 f i getdxver.obj
 0001:00005570       ??0CEncryptor@@QAE@K@Z     00406570 f   Encryptor.obj
 0001:000055a0       ??1CEncryptor@@UAE@XZ      004065a0 f   Encryptor.obj
 0001:000055c0       ?EncryptFileData@CEncryptor@@QAE_NPADK_N@Z 004065c0 f   Encryptor.obj
 0001:00005820       ??_GCEncryptor@@UAEPAXI@Z  00406820 f i Encryptor.obj
 0001:00005820       ??_ECEncryptor@@UAEPAXI@Z  00406820 f i Encryptor.obj
 0001:00005860       ??0CEXEBlock@@QAE@XZ       00406860 f   EXEBlock.obj
 0001:00005ac0       ??1CEXEBlock@@UAE@XZ       00406ac0 f   EXEBlock.obj
 0001:00005b20       ?Clear@CEXEBlock@@QAEXXZ   00406b20 f   EXEBlock.obj
 0001:00005f00       ?StartInfo@CEXEBlock@@QAE_NPADK@Z 00406f00 f   EXEBlock.obj
 0001:00005f40       ?Load@CEXEBlock@@QAE_NPAD@Z 00406f40 f   EXEBlock.obj
 0001:00006320       ?LoadValue@CEXEBlock@@QAE_NPAXPAK@Z 00407320 f   EXEBlock.obj
 0001:000063b0       ?LoadBlock@CEXEBlock@@QAE_NPAXPAPADK@Z 004073b0 f   EXEBlock.obj
 0001:00006460       ?LoadValueArray@CEXEBlock@@QAE_NPAXPAPAKPAK@Z 00407460 f   EXEBlock.obj
 0001:00006520       ?LoadValueArrayBytes@CEXEBlock@@QAE_NPAXPAPAKPAKK@Z 00407520 f   EXEBlock.obj
 0001:000065e0       ?LoadValueArrayBytes@CEXEBlock@@QAE_NPAXPAPAKPAK@Z 004075e0 f   EXEBlock.obj
 0001:00006620       ?LoadStringArray@CEXEBlock@@QAE_NPAXPAPAKPAK@Z 00407620 f   EXEBlock.obj
 0001:00006770       ?Save@CEXEBlock@@QAE_NPAD@Z 00407770 f   EXEBlock.obj
 0001:00006b20       ?SaveValue@CEXEBlock@@QAE_NPAXPAK@Z 00407b20 f   EXEBlock.obj
 0001:00006bb0       ?SaveBlock@CEXEBlock@@QAE_NPAXPAPADK@Z 00407bb0 f   EXEBlock.obj
 0001:00006c50       ?SaveValueArray@CEXEBlock@@QAE_NPAXPAPAKPAK@Z 00407c50 f   EXEBlock.obj
 0001:00006d10       ?SaveValueArrayBytes@CEXEBlock@@QAE_NPAXPAPAKPAK@Z 00407d10 f   EXEBlock.obj
 0001:00006dc0       ?SaveStringArray@CEXEBlock@@QAE_NPAXPAPAKPAK@Z 00407dc0 f   EXEBlock.obj
 0001:00006f10       ?CreateArray@CEXEBlock@@QAEPAKKK@Z 00407f10 f   EXEBlock.obj
 0001:00006fc0       ?CreateArray@CEXEBlock@@QAEPAKK@Z 00407fc0 f   EXEBlock.obj
 0001:00006ff0       ?RecreateArray@CEXEBlock@@QAE_NPAPAKKK@Z 00407ff0 f   EXEBlock.obj
 0001:000070c0       ?DeleteArrayContents@CEXEBlock@@QAEXPAKK@Z 004080c0 f   EXEBlock.obj
 0001:00007150       ?FileExists@CEXEBlock@@QAE_NPAD@Z 00408150 f   EXEBlock.obj
 0001:000071d0       ?CheckIfGotLatestDirectX@CEXEBlock@@QAE_N_N@Z 004081d0 f   EXEBlock.obj
 0001:00007390       ?Init@CEXEBlock@@QAE_NPAUHINSTANCE__@@_NPAPADPAD@Z 00408390 f   EXEBlock.obj
 0001:000073e0       ?InitDebug@CEXEBlock@@QAE_NPAUHINSTANCE__@@PAX11_NPAPADPAD2@Z 004083e0 f   EXEBlock.obj
 0001:000093b0       ?InitMini@CEXEBlock@@QAE_NPAX00_NPAPAD@Z 0040a3b0 f   EXEBlock.obj
 0001:00009400       ?Run@CEXEBlock@@QAE_N_N@Z  0040a400 f   EXEBlock.obj
 0001:00009460       ?RunFrom@CEXEBlock@@QAE_N_NK@Z 0040a460 f   EXEBlock.obj
 0001:000094c0       ?Free@CEXEBlock@@QAEXXZ    0040a4c0 f   EXEBlock.obj
 0001:000096c0       ?FreeUptoDisplay@CEXEBlock@@QAEXXZ 0040a6c0 f   EXEBlock.obj
 0001:00009840       ??_GCEXEBlock@@UAEPAXI@Z   0040a840 f i EXEBlock.obj
 0001:00009840       ??_ECEXEBlock@@UAEPAXI@Z   0040a840 f i EXEBlock.obj
 0001:00009882       _GetFileVersionInfoSizeA@8 0040a882 f   Version:VERSION.dll
 0001:00009888       _GetFileVersionInfoA@16    0040a888 f   Version:VERSION.dll
 0001:0000988e       _VerQueryValueA@16         0040a88e f   Version:VERSION.dll
 0001:00009894       _CreateFileA@28            0040a894 f   kernel32:KERNEL32.dll
 0001:0000989a       _DeleteFileA@4             0040a89a f   kernel32:KERNEL32.dll
 0001:000098a0       _RemoveDirectoryA@4        0040a8a0 f   kernel32:KERNEL32.dll
 0001:000098a6       _GetTempPathA@8            0040a8a6 f   kernel32:KERNEL32.dll
 0001:000098ac       _CloseHandle@4             0040a8ac f   kernel32:KERNEL32.dll
 0001:000098b2       _WaitForSingleObject@8     0040a8b2 f   kernel32:KERNEL32.dll
 0001:000098b8       _GetWindowsDirectoryA@8    0040a8b8 f   kernel32:KERNEL32.dll
 0001:000098be       _MapViewOfFile@20          0040a8be f   kernel32:KERNEL32.dll
 0001:000098c4       _UnmapViewOfFile@4         0040a8c4 f   kernel32:KERNEL32.dll
 0001:000098ca       _GetModuleFileNameA@12     0040a8ca f   kernel32:KERNEL32.dll
 0001:000098d0       _GlobalAlloc@8             0040a8d0 f   kernel32:KERNEL32.dll
 0001:000098d6       _GlobalFree@4              0040a8d6 f   kernel32:KERNEL32.dll
 0001:000098dc       _OpenMutexA@12             0040a8dc f   kernel32:KERNEL32.dll
 0001:000098e2       _CreateFileMappingA@24     0040a8e2 f   kernel32:KERNEL32.dll
 0001:000098e8       _OpenFileMappingA@12       0040a8e8 f   kernel32:KERNEL32.dll
 0001:000098ee       _WritePrivateProfileStringA@16 0040a8ee f   kernel32:KERNEL32.dll
 0001:000098f4       _FindFirstFileA@8          0040a8f4 f   kernel32:KERNEL32.dll
 0001:000098fa       _GetFileSize@8             0040a8fa f   kernel32:KERNEL32.dll
 0001:00009900       _ReadFile@20               0040a900 f   kernel32:KERNEL32.dll
 0001:00009906       _WriteFile@20              0040a906 f   kernel32:KERNEL32.dll
 0001:0000990c       _FreeLibrary@4             0040a90c f   kernel32:KERNEL32.dll
 0001:00009912       _GetProcAddress@8          0040a912 f   kernel32:KERNEL32.dll
 0001:00009918       _LoadLibraryA@4            0040a918 f   kernel32:KERNEL32.dll
 0001:0000991e       _GlobalSize@4              0040a91e f   kernel32:KERNEL32.dll
 0001:00009924       _GlobalUnlock@4            0040a924 f   kernel32:KERNEL32.dll
 0001:0000992a       _GlobalLock@4              0040a92a f   kernel32:KERNEL32.dll
 0001:00009930       _GetSystemDirectoryA@8     0040a930 f   kernel32:KERNEL32.dll
 0001:00009936       _WideCharToMultiByte@32    0040a936 f   kernel32:KERNEL32.dll
 0001:0000993c       _GetVersionExA@4           0040a93c f   kernel32:KERNEL32.dll
 0001:00009942       _VirtualAlloc@16           0040a942 f   kernel32:KERNEL32.dll
 0001:00009948       _VirtualFree@12            0040a948 f   kernel32:KERNEL32.dll
 0001:0000994e       _wsprintfA                 0040a94e f   user32:USER32.dll
 0001:00009954       _DefWindowProcA@16         0040a954 f   user32:USER32.dll
 0001:0000995a       _PostQuitMessage@4         0040a95a f   user32:USER32.dll
 0001:00009960       _RegisterClassA@4          0040a960 f   user32:USER32.dll
 0001:00009966       _CreateWindowExA@48        0040a966 f   user32:USER32.dll
 0001:0000996c       _ShowWindow@8              0040a96c f   user32:USER32.dll
 0001:00009972       _SetWindowPos@28           0040a972 f   user32:USER32.dll
 0001:00009978       _UpdateWindow@4            0040a978 f   user32:USER32.dll
 0001:0000997e       _MessageBoxA@16            0040a97e f   user32:USER32.dll
 0001:00009984       _ShowCursor@4              0040a984 f   user32:USER32.dll
 0001:0000998a       _SetCursor@4               0040a98a f   user32:USER32.dll
 0001:00009990       _SetWindowLongA@12         0040a990 f   user32:USER32.dll
 0001:00009996       _LoadCursorA@8             0040a996 f   user32:USER32.dll
 0001:0000999c       _DestroyWindow@4           0040a99c f   user32:USER32.dll
 0001:000099a2       _LoadIconA@8               0040a9a2 f   user32:USER32.dll
 0001:000099a8       _CoUninitialize@0          0040a9a8 f   ole32:ole32.dll
 0001:000099ae       _CoCreateInstance@20       0040a9ae f   ole32:ole32.dll
 0001:000099b4       _CoInitialize@4            0040a9b4 f   ole32:ole32.dll
 0001:000099ba       _SysStringLen@4            0040a9ba f   oleaut32:OLEAUT32.dll
 0001:000099c0       _VariantInit@4             0040a9c0 f   oleaut32:OLEAUT32.dll
 0001:000099c6       _VariantClear@4            0040a9c6 f   oleaut32:OLEAUT32.dll
 0001:000099d0       ??2@YAPAXI@Z               0040a9d0 f   LIBCMTD:new_scalar.obj
 0001:00009a20       ??3@YAXPAXI@Z              0040aa20 f   LIBCMTD:delete_scalar_size.obj
 0001:00009a40       ??_U@YAPAXI@Z              0040aa40 f   LIBCMTD:new_array.obj
 0001:00009a60       ??$__crt_fast_decode_pointer@PAP6AXXZ@@YAPAP6AXXZQAP6AXXZ@Z 0040aa60 f i LIBCMTD:utility.obj
 0001:00009a90       ??$__crt_fast_encode_pointer@PAP6AXXZ@@YAPAP6AXXZQAP6AXXZ@Z 0040aa90 f i LIBCMTD:utility.obj
 0001:00009ac0       ?__crt_rotate_pointer_value@@YAIIH@Z 0040aac0 f i LIBCMTD:utility.obj
 0001:00009ad0       ?configure_argv@__scrt_narrow_argv_policy@@SAHXZ 0040aad0 f i LIBCMTD:utility.obj
 0001:00009b80       ?initialize_environment@__scrt_narrow_environment_policy@@SAHXZ 0040ab80 f i LIBCMTD:utility.obj
 0001:00009c00       _NtCurrentTeb              0040ac00 f i LIBCMTD:utility.obj
 0001:00009c10       ___scrt_acquire_startup_lock 0040ac10 f   LIBCMTD:utility.obj
 0001:00009c60       ___scrt_dllmain_after_initialize_c 0040ac60 f   LIBCMTD:utility.obj
 0001:00009c90       ___scrt_dllmain_before_initialize_c 0040ac90 f   LIBCMTD:utility.obj
 0001:00009cb0       ___scrt_dllmain_crt_thread_attach 0040acb0 f   LIBCMTD:utility.obj
 0001:00009ce0       ___scrt_dllmain_crt_thread_detach 0040ace0 f   LIBCMTD:utility.obj
 0001:00009d00       ___scrt_dllmain_exception_filter 0040ad00 f   LIBCMTD:utility.obj
 0001:00009d50       ___scrt_dllmain_uninitialize_c 0040ad50 f   LIBCMTD:utility.obj
 0001:00009d80       ___scrt_dllmain_uninitialize_critical 0040ad80 f   LIBCMTD:utility.obj
 0001:00009da0       ___scrt_initialize_crt     0040ada0 f   LIBCMTD:utility.obj
 0001:00009df0       ___scrt_initialize_onexit_tables 0040adf0 f   LIBCMTD:utility.obj
 0001:00009ed0       ___scrt_is_nonwritable_in_current_image 0040aed0 f   LIBCMTD:utility.obj
 0001:0000a000       ___scrt_release_startup_lock 0040b000 f   LIBCMTD:utility.obj
 0001:0000a030       ___scrt_uninitialize_crt   0040b030 f   LIBCMTD:utility.obj
 0001:0000a070       __onexit                   0040b070 f   LIBCMTD:utility.obj
 0001:0000a0e0       _at_quick_exit             0040b0e0 f   LIBCMTD:utility.obj
 0001:0000a130       _atexit                    0040b130 f   LIBCMTD:utility.obj
 0001:0000a160       ___raise_securityfailure   0040b160 f   LIBCMTD:gs_report.obj
 0001:0000a190       ___report_gsfailure        0040b190 f   LIBCMTD:gs_report.obj
 0001:0000a2a0       ___report_rangecheckfailure 0040b2a0 f   LIBCMTD:gs_report.obj
 0001:0000a2b0       ___report_securityfailure  0040b2b0 f   LIBCMTD:gs_report.obj
 0001:0000a390       ___report_securityfailureEx 0040b390 f   LIBCMTD:gs_report.obj
 0001:0000a4c0       @_RTC_AllocaHelper@12      0040b4c0 f   LIBCMTD:_stack_.obj
 0001:0000a500       @_RTC_CheckStackVars2@12   0040b500 f   LIBCMTD:_stack_.obj
 0001:0000a5e0       @_RTC_CheckStackVars@8     0040b5e0 f   LIBCMTD:_stack_.obj
 0001:0000a640       __RTC_CheckEsp             0040b640 f   LIBCMTD:_stack_.obj
 0001:0000a680       @__security_check_cookie@4 0040b680 f   LIBCMTD:_secchk_.obj
 0001:0000a6a0       __CRT_RTC_INIT             0040b6a0 f   LIBCMTD:_init_.obj
 0001:0000a6b0       __CRT_RTC_INITW            0040b6b0 f   LIBCMTD:_init_.obj
 0001:0000a6c0       __RTC_InitBase             0040b6c0 f   LIBCMTD:_init_.obj
 0001:0000a6f0       __RTC_Shutdown             0040b6f0 f   LIBCMTD:_init_.obj
 0001:0000a710       __alldiv                   0040b710 f   LIBCMTD:lldiv.obj
 0001:0000a7c0       ??_V@YAXPAX@Z              0040b7c0 f   LIBCMTD:delete_array.obj
 0001:0000a7e0       ??1type_info@@UAE@XZ       0040b7e0 f   LIBCMTD:std_type_info_static.obj
 0001:0000a800       ??_Gtype_info@@UAEPAXI@Z   0040b800 f i LIBCMTD:std_type_info_static.obj
 0001:0000a800       ??_Etype_info@@UAEPAXI@Z   0040b800 f i LIBCMTD:std_type_info_static.obj
 0001:0000ab40       ?set_app_type@__scrt_winmain_policy@@SAXXZ 0040bb40 f i LIBCMTD:exe_winmain.obj
 0001:0000ab50       ?set_commode@__scrt_file_policy@@SAXXZ 0040bb50 f i LIBCMTD:exe_winmain.obj
 0001:0000ab70       ?set_fmode@__scrt_file_policy@@SAXXZ 0040bb70 f i LIBCMTD:exe_winmain.obj
 0001:0000ab90       _WinMainCRTStartup         0040bb90 f   LIBCMTD:exe_winmain.obj
 0001:0000aba0       ??0bad_alloc@std@@AAE@QBD@Z 0040bba0 f i LIBCMTD:throw_bad_alloc.obj
 0001:0000abd0       ??0bad_alloc@std@@QAE@ABV01@@Z 0040bbd0 f i LIBCMTD:throw_bad_alloc.obj
 0001:0000ac00       ??0bad_alloc@std@@QAE@XZ   0040bc00 f i LIBCMTD:throw_bad_alloc.obj
 0001:0000ac30       ??0bad_array_new_length@std@@QAE@ABV01@@Z 0040bc30 f i LIBCMTD:throw_bad_alloc.obj
 0001:0000ac60       ??0bad_array_new_length@std@@QAE@XZ 0040bc60 f i LIBCMTD:throw_bad_alloc.obj
 0001:0000ac90       ??0exception@std@@QAE@ABV01@@Z 0040bc90 f i LIBCMTD:throw_bad_alloc.obj
 0001:0000acd0       ??0exception@std@@QAE@QBDH@Z 0040bcd0 f i LIBCMTD:throw_bad_alloc.obj
 0001:0000ad00       ??1bad_alloc@std@@UAE@XZ   0040bd00 f i LIBCMTD:throw_bad_alloc.obj
 0001:0000ad20       ??1bad_array_new_length@std@@UAE@XZ 0040bd20 f i LIBCMTD:throw_bad_alloc.obj
 0001:0000ad40       ??1exception@std@@UAE@XZ   0040bd40 f i LIBCMTD:throw_bad_alloc.obj
 0001:0000ad70       ??_Ebad_alloc@std@@UAEPAXI@Z 0040bd70 f i LIBCMTD:throw_bad_alloc.obj
 0001:0000ad70       ??_Gbad_alloc@std@@UAEPAXI@Z 0040bd70 f i LIBCMTD:throw_bad_alloc.obj
 0001:0000ada0       ??_Ebad_array_new_length@std@@UAEPAXI@Z 0040bda0 f i LIBCMTD:throw_bad_alloc.obj
 0001:0000ada0       ??_Gbad_array_new_length@std@@UAEPAXI@Z 0040bda0 f i LIBCMTD:throw_bad_alloc.obj
 0001:0000add0       ??_Eexception@std@@UAEPAXI@Z 0040bdd0 f i LIBCMTD:throw_bad_alloc.obj
 0001:0000add0       ??_Gexception@std@@UAEPAXI@Z 0040bdd0 f i LIBCMTD:throw_bad_alloc.obj
 0001:0000ae00       ?__scrt_throw_std_bad_alloc@@YAXXZ 0040be00 f   LIBCMTD:throw_bad_alloc.obj
 0001:0000ae20       ?__scrt_throw_std_bad_array_new_length@@YAXXZ 0040be20 f   LIBCMTD:throw_bad_alloc.obj
 0001:0000ae40       ?what@exception@std@@UBEPBDXZ 0040be40 f i LIBCMTD:throw_bad_alloc.obj
 0001:0000ae70       ??3@YAXPAX@Z               0040be70 f   LIBCMTD:delete_scalar.obj
 0001:0000ae90       ___isa_available_init      0040be90 f   LIBCMTD:_cpu_disp_.obj
 0001:0000b170       __get_startup_argv_mode    0040c170 f   LIBCMTD:argv_mode.obj
 0001:0000b180       ___scrt_is_ucrt_dll_in_use 0040c180 f   LIBCMTD:ucrt_detection.obj
 0001:0000b1b0       ___scrt_fastfail           0040c1b0 f   LIBCMTD:utility_desktop.obj
 0001:0000b2f0       ___scrt_get_show_window_mode 0040c2f0 f   LIBCMTD:utility_desktop.obj
 0001:0000b330       ___scrt_initialize_winrt   0040c330 f   LIBCMTD:utility_desktop.obj
 0001:0000b340       ___scrt_is_managed_app     0040c340 f   LIBCMTD:utility_desktop.obj
 0001:0000b3d0       ___scrt_set_unhandled_exception_filter 0040c3d0 f   LIBCMTD:utility_desktop.obj
 0001:0000b3e0       ___scrt_unhandled_exception_filter@4 0040c3e0 f   LIBCMTD:utility_desktop.obj
 0001:0000b440       __crt_debugger_hook        0040c440 f   LIBCMTD:utility_desktop.obj
 0001:0000b450       @_guard_check_icall@4      0040c450 f i LIBCMTD:checkcfg.obj
 0001:0000b470       ??$__vcrt_va_start_verify_argument_type@QBD@@YAXXZ 0040c470 f i LIBCMTD:_error_.obj
 0001:0000b5d0       ?_RTC_AllocaFailure@@YAXPAXPAU_RTC_ALLOCA_NODE@@H@Z 0040c5d0 f   LIBCMTD:_error_.obj
 0001:0000b6c0       ?_RTC_Failure@@YAXPAXH@Z   0040c6c0 f   LIBCMTD:_error_.obj
 0001:0000b710       ?_RTC_StackFailure@@YAXPAXPBD@Z 0040c710 f   LIBCMTD:_error_.obj
 0001:0000ba60       __RTC_UninitUse            0040ca60 f   LIBCMTD:_error_.obj
 0001:0000bb10       __vsprintf_s_l             0040cb10 f i LIBCMTD:_error_.obj
 0001:0000bb40       _sprintf_s                 0040cb40 f i LIBCMTD:_error_.obj
 0001:0000bb70       ?_RTC_GetErrorFunc@@YAP6AHHPBDH00ZZPBX@Z 0040cb70 f   LIBCMTD:_userapi_.obj
 0001:0000bb80       ?_RTC_GetErrorFuncW@@YAP6AHHPB_WH00ZZPBX@Z 0040cb80 f   LIBCMTD:_userapi_.obj
 0001:0000bb90       __RTC_GetErrDesc           0040cb90 f   LIBCMTD:_userapi_.obj
 0001:0000bbb0       __RTC_NumErrors            0040cbb0 f   LIBCMTD:_userapi_.obj
 0001:0000bbc0       __RTC_SetErrorFunc         0040cbc0 f   LIBCMTD:_userapi_.obj
 0001:0000bbe0       __RTC_SetErrorFuncW        0040cbe0 f   LIBCMTD:_userapi_.obj
 0001:0000bc00       __RTC_SetErrorType         0040cc00 f   LIBCMTD:_userapi_.obj
 0001:0000bcb0       ___security_init_cookie    0040ccb0 f   LIBCMTD:gs_support.obj
 0001:0000bd30       __matherr                  0040cd30 f   LIBCMTD:matherr.obj
 0001:0000bd40       __get_startup_commit_mode  0040cd40 f   LIBCMTD:commit_mode.obj
 0001:0000bd50       __get_startup_file_mode    0040cd50 f   LIBCMTD:file_mode.obj
 0001:0000bd60       __get_startup_new_mode     0040cd60 f   LIBCMTD:new_mode.obj
 0001:0000bd70       __get_startup_thread_locale_mode 0040cd70 f   LIBCMTD:thread_locale.obj
 0001:0000bd80       ?__scrt_initialize_type_info@@YAXXZ 0040cd80 f   LIBCMTD:tncleanup.obj
 0001:0000bd90       ?__scrt_uninitialize_type_info@@YAXXZ 0040cd90 f   LIBCMTD:tncleanup.obj
 0001:0000bdb0       __should_initialize_environment 0040cdb0 f   LIBCMTD:env_mode.obj
 0001:0000bdc0       __initialize_default_precision 0040cdc0 f   LIBCMTD:default_precision.obj
 0001:0000bdf0       __initialize_invalid_parameter_handler 0040cdf0 f   LIBCMTD:invalid_parameter_handler.obj
 0001:0000be00       __initialize_denormal_control 0040ce00 f   LIBCMTD:denormal_control.obj
 0001:0000be10       ___local_stdio_scanf_options 0040ce10 f i LIBCMTD:default_local_stdio_options.obj
 0001:0000be20       ___scrt_initialize_default_local_stdio_options 0040ce20 f   LIBCMTD:default_local_stdio_options.obj
 0001:0000be60       ___scrt_is_user_matherr_present 0040ce60 f   LIBCMTD:matherr_detection.obj
 0001:0000be90       ___scrt_get_dyn_tls_init_callback 0040ce90 f   LIBCMTD:dyn_tls_init.obj
 0001:0000bea0       ___scrt_get_dyn_tls_dtor_callback 0040cea0 f   LIBCMTD:dyn_tls_dtor.obj
 0001:0000beb0       __RTC_Initialize           0040ceb0 f   LIBCMTD:_initsect_.obj
 0001:0000bee0       __RTC_Terminate            0040cee0 f   LIBCMTD:_initsect_.obj
 0001:0000bf10       @_guard_check_icall_nop@4  0040cf10 f i LIBCMTD:guard_support.obj
 0001:0000bf20       _ReadNoFence               0040cf20 f i LIBCMTD:guard_support.obj
 0001:0000bf40       _ReadPointerNoFence        0040cf40 f i LIBCMTD:guard_support.obj
 0001:0000bf60       __guard_icall_checks_enforced 0040cf60 f i LIBCMTD:guard_support.obj
 0001:0000c420       ?_RTC_GetSrcLine@@YAHPAEPA_WKPAH1K@Z 0040d420 f   LIBCMTD:_pdblkup_.obj
 0001:0000c770       _memcpy                    0040d770 f   libvcruntimed:memcpy.obj
 0001:0000ccf0       ?_CallCatchBlock2@@YAPAXPAUEHRegistrationNode@@PBU_s_FuncInfo@@PAXHK@Z 0040dcf0 f   libvcruntimed:trnsctrl.obj
 0001:0000cd60       ?_CallSETranslator@@YAHPAUEHExceptionRecord@@PAUEHRegistrationNode@@PAX2PBU_s_FuncInfo@@H1@Z 0040dd60 f   libvcruntimed:trnsctrl.obj
 0001:0000ce50       ?_GetRangeOfTrysToCheck@@YAPBU_s_TryBlockMapEntry@@PBU_s_FuncInfo@@HHPAI1@Z 0040de50 f   libvcruntimed:trnsctrl.obj
 0001:0000cf20       ?_JumpToContinuation@@YGXPAXPAUEHRegistrationNode@@@Z 0040df20 f   libvcruntimed:trnsctrl.obj
 0001:0000cf60       ?_UnwindNestedFrames@@YGXPAUEHRegistrationNode@@PAUEHExceptionRecord@@@Z 0040df60 f   libvcruntimed:trnsctrl.obj
 0001:0000cfc0       __CatchGuardHandler        0040dfc0 f   libvcruntimed:trnsctrl.obj
 0001:0000d010       __CreateFrameInfo          0040e010 f   libvcruntimed:trnsctrl.obj
 0001:0000d040       __FindAndUnlinkFrame       0040e040 f   libvcruntimed:trnsctrl.obj
 0001:0000d0b0       __TranslatorGuardHandler   0040e0b0 f   libvcruntimed:trnsctrl.obj
 0001:0000d160       ___CxxFrameHandler         0040e160 f   libvcruntimed:trnsctrl.obj
 0001:0000d1a0       ___CxxFrameHandler2        0040e1a0 f   libvcruntimed:trnsctrl.obj
 0001:0000d1e0       ___CxxFrameHandler3        0040e1e0 f   libvcruntimed:trnsctrl.obj
 0001:0000d220       ___CxxLongjmpUnwind@4      0040e220 f   libvcruntimed:trnsctrl.obj
 0001:0000d260       _memset                    0040e260 f   libvcruntimed:memset.obj
 0001:0000d3c0       ___vcrt_initialize         0040e3c0 f   libvcruntimed:initialization.obj
 0001:0000d400       ___vcrt_thread_attach      0040e400 f   libvcruntimed:initialization.obj
 0001:0000d420       ___vcrt_thread_detach      0040e420 f   libvcruntimed:initialization.obj
 0001:0000d440       ___vcrt_uninitialize       0040e440 f   libvcruntimed:initialization.obj
 0001:0000d460       ___vcrt_uninitialize_critical 0040e460 f   libvcruntimed:initialization.obj
 0001:0000d4e0       __except_handler4          0040e4e0 f   libvcruntimed:_chandler4_.obj
 0001:0000d6b0       ??$?RD@__crt_public_free_policy@@QBEXQBD@Z 0040e6b0 f i libvcruntimed:std_exception.obj
 0001:0000d6d0       ??0?$__crt_unique_heap_ptr@DU__crt_public_free_policy@@@@QAE@QAD@Z 0040e6d0 f i libvcruntimed:std_exception.obj
 0001:0000d6f0       ??1?$__crt_unique_heap_ptr@DU__crt_public_free_policy@@@@QAE@XZ 0040e6f0 f i libvcruntimed:std_exception.obj
 0001:0000d710       ??B?$__crt_unique_heap_ptr@DU__crt_public_free_policy@@@@QBE_NXZ 0040e710 f i libvcruntimed:std_exception.obj
 0001:0000d730       ?detach@?$__crt_unique_heap_ptr@DU__crt_public_free_policy@@@@QAEPADXZ 0040e730 f i libvcruntimed:std_exception.obj
 0001:0000d760       ?get@?$__crt_unique_heap_ptr@DU__crt_public_free_policy@@@@QBEPADXZ 0040e760 f i libvcruntimed:std_exception.obj
 0001:0000d770       ?is_valid@?$__crt_unique_heap_ptr@DU__crt_public_free_policy@@@@QBE_NXZ 0040e770 f i libvcruntimed:std_exception.obj
 0001:0000d7a0       ?release@?$__crt_unique_heap_ptr@DU__crt_public_free_policy@@@@QAEXXZ 0040e7a0 f i libvcruntimed:std_exception.obj
 0001:0000d7d0       ___std_exception_copy      0040e7d0 f   libvcruntimed:std_exception.obj
 0001:0000d8b0       ___std_exception_destroy   0040e8b0 f   libvcruntimed:std_exception.obj
 0001:0000d8e0       __CxxThrowException@8      0040e8e0 f   libvcruntimed:throw.obj
 0001:0000d9b0       ??$?RD@__crt_internal_free_policy@@QBEXQBD@Z 0040e9b0 f i libvcruntimed:std_type_info.obj
 0001:0000d9d0       ??$?RX@__crt_internal_free_policy@@QBEXQBX@Z 0040e9d0 f i libvcruntimed:std_type_info.obj
 0001:0000d9f0       ??$__crt_interlocked_compare_exchange_pointer@$$CBDPAD$$T@@YAPBDPDSBDQAD$$T@Z 0040e9f0 f i libvcruntimed:std_type_info.obj
 0001:0000da10       ??$__crt_interlocked_read_pointer@$$CBD@@YAPBDPDSBD@Z 0040ea10 f i libvcruntimed:std_type_info.obj
 0001:0000da30       ??0?$__crt_unique_heap_ptr@DU__crt_internal_free_policy@@@@QAE@QAD@Z 0040ea30 f i libvcruntimed:std_type_info.obj
 0001:0000da50       ??0?$__crt_unique_heap_ptr@XU__crt_internal_free_policy@@@@QAE@QAX@Z 0040ea50 f i libvcruntimed:std_type_info.obj
 0001:0000da70       ??1?$__crt_unique_heap_ptr@DU__crt_internal_free_policy@@@@QAE@XZ 0040ea70 f i libvcruntimed:std_type_info.obj
 0001:0000da90       ??1?$__crt_unique_heap_ptr@XU__crt_internal_free_policy@@@@QAE@XZ 0040ea90 f i libvcruntimed:std_type_info.obj
 0001:0000dad0       ??B?$__crt_unique_heap_ptr@DU__crt_internal_free_policy@@@@QBE_NXZ 0040ead0 f i libvcruntimed:std_type_info.obj
 0001:0000daf0       ??B?$__crt_unique_heap_ptr@XU__crt_internal_free_policy@@@@QBE_NXZ 0040eaf0 f i libvcruntimed:std_type_info.obj
 0001:0000db60       ?__crt_interlocked_read_32@@YAHPDH@Z 0040eb60 f i libvcruntimed:std_type_info.obj
 0001:0000db80       ?detach@?$__crt_unique_heap_ptr@XU__crt_internal_free_policy@@@@QAEPAXXZ 0040eb80 f i libvcruntimed:std_type_info.obj
 0001:0000dbb0       ?get@?$__crt_unique_heap_ptr@DU__crt_internal_free_policy@@@@QBEPADXZ 0040ebb0 f i libvcruntimed:std_type_info.obj
 0001:0000dbc0       ?get@?$__crt_unique_heap_ptr@XU__crt_internal_free_policy@@@@QBEPAXXZ 0040ebc0 f i libvcruntimed:std_type_info.obj
 0001:0000dbd0       ?is_valid@?$__crt_unique_heap_ptr@DU__crt_internal_free_policy@@@@QBE_NXZ 0040ebd0 f i libvcruntimed:std_type_info.obj
 0001:0000dc00       ?is_valid@?$__crt_unique_heap_ptr@XU__crt_internal_free_policy@@@@QBE_NXZ 0040ec00 f i libvcruntimed:std_type_info.obj
 0001:0000dc30       ?release@?$__crt_unique_heap_ptr@DU__crt_internal_free_policy@@@@QAEXXZ 0040ec30 f i libvcruntimed:std_type_info.obj
 0001:0000dc60       ?release@?$__crt_unique_heap_ptr@XU__crt_internal_free_policy@@@@QAEXXZ 0040ec60 f i libvcruntimed:std_type_info.obj
 0001:0000dc90       ___std_type_info_compare   0040ec90 f   libvcruntimed:std_type_info.obj
 0001:0000dcc0       ___std_type_info_destroy_list 0040ecc0 f   libvcruntimed:std_type_info.obj
 0001:0000dd00       ___std_type_info_hash      0040ed00 f   libvcruntimed:std_type_info.obj
 0001:0000dd60       ___std_type_info_name      0040ed60 f   libvcruntimed:std_type_info.obj
 0001:0000df40       ___vcrt_GetModuleFileNameW 0040ef40 f   libvcruntimed:winapi_thunks.obj
 0001:0000df60       ___vcrt_GetModuleHandleW   0040ef60 f   libvcruntimed:winapi_thunks.obj
 0001:0000df70       ___vcrt_LoadLibraryExW     0040ef70 f   libvcruntimed:winapi_thunks.obj
 0001:0000df90       ??$?RU__vcrt_ptd@@@__crt_internal_free_policy@@QBEXQBU__vcrt_ptd@@@Z 0040ef90 f i libvcruntimed:per_thread_data.obj
 0001:0000dfb0       ??0?$__crt_unique_heap_ptr@U__vcrt_ptd@@U__crt_internal_free_policy@@@@QAE@QAU__vcrt_ptd@@@Z 0040efb0 f i libvcruntimed:per_thread_data.obj
 0001:0000dff0       ??1?$__crt_unique_heap_ptr@U__vcrt_ptd@@U__crt_internal_free_policy@@@@QAE@XZ 0040eff0 f i libvcruntimed:per_thread_data.obj
 0001:0000e030       ??B?$__crt_unique_heap_ptr@U__vcrt_ptd@@U__crt_internal_free_policy@@@@QBE_NXZ 0040f030 f i libvcruntimed:per_thread_data.obj
 0001:0000e050       ?detach@?$__crt_unique_heap_ptr@U__vcrt_ptd@@U__crt_internal_free_policy@@@@QAEPAU__vcrt_ptd@@XZ 0040f050 f i libvcruntimed:per_thread_data.obj
 0001:0000e080       ?get@?$__crt_unique_heap_ptr@U__vcrt_ptd@@U__crt_internal_free_policy@@@@QBEPAU__vcrt_ptd@@XZ 0040f080 f i libvcruntimed:per_thread_data.obj
 0001:0000e090       ?is_valid@?$__crt_unique_heap_ptr@U__vcrt_ptd@@U__crt_internal_free_policy@@@@QBE_NXZ 0040f090 f i libvcruntimed:per_thread_data.obj
 0001:0000e0c0       ?release@?$__crt_unique_heap_ptr@U__vcrt_ptd@@U__crt_internal_free_policy@@@@QAEXXZ 0040f0c0 f i libvcruntimed:per_thread_data.obj
 0001:0000e120       ___vcrt_freefls@4          0040f120 f   libvcruntimed:per_thread_data.obj
 0001:0000e150       ___vcrt_freeptd            0040f150 f   libvcruntimed:per_thread_data.obj
 0001:0000e1b0       ___vcrt_getptd             0040f1b0 f   libvcruntimed:per_thread_data.obj
 0001:0000e1d0       ___vcrt_getptd_noexit      0040f1d0 f   libvcruntimed:per_thread_data.obj
 0001:0000e330       ___vcrt_getptd_noinit      0040f330 f   libvcruntimed:per_thread_data.obj
 0001:0000e390       ___vcrt_initialize_ptd     0040f390 f   libvcruntimed:per_thread_data.obj
 0001:0000e3e0       ___vcrt_uninitialize_ptd   0040f3e0 f   libvcruntimed:per_thread_data.obj
 0001:0000e410       __CallSettingFrame@12      0040f410 f   libvcruntimed:lowhelpr.obj
 0001:0000e437       __NLG_Return               0040f437     libvcruntimed:lowhelpr.obj
 0001:0000e460       ??0bad_exception@std@@QAE@ABV01@@Z 0040f460 f i libvcruntimed:frame.obj
 0001:0000e490       ??0bad_exception@std@@QAE@XZ 0040f490 f i libvcruntimed:frame.obj
 0001:0000e4c0       ??1bad_exception@std@@UAE@XZ 0040f4c0 f i libvcruntimed:frame.obj
 0001:0000e4e0       ??8type_info@@QBE_NABV0@@Z 0040f4e0 f i libvcruntimed:frame.obj
 0001:0000e520       ??_Ebad_exception@std@@UAEPAXI@Z 0040f520 f i libvcruntimed:frame.obj
 0001:0000e520       ??_Gbad_exception@std@@UAEPAXI@Z 0040f520 f i libvcruntimed:frame.obj
 0001:0000f110       ?_CallMemberFunction1@@YGXQAX00@Z 00410110 f i libvcruntimed:frame.obj
 0001:0000f130       ?_CallMemberFunction2@@YGXQAX00H@Z 00410130 f i libvcruntimed:frame.obj
 0001:0000f150       ?_ValidateExecute@@YA_NP6GHXZ@Z 00410150 f i libvcruntimed:frame.obj
 0001:0000f170       ?_ValidateRead@@YA_NPBXI@Z 00410170 f i libvcruntimed:frame.obj
 0001:0000f190       ?_ValidateWrite@@YA_NPAXI@Z 00410190 f i libvcruntimed:frame.obj
 0001:0000f1b0       ___BuildCatchObject        004101b0 f   libvcruntimed:frame.obj
 0001:0000f2c0       ___BuildCatchObjectHelper  004102c0 f   libvcruntimed:frame.obj
 0001:0000f5f0       ___FrameUnwindToState      004105f0 f   libvcruntimed:frame.obj
 0001:0000f770       ___InternalCxxFrameHandler 00410770 f   libvcruntimed:frame.obj
 0001:0000f920       ___TypeMatch               00410920 f   libvcruntimed:frame.obj
 0001:0000fa00       ___vcrt_EncodePointer      00410a00 f i libvcruntimed:frame.obj
 0001:0000fa10       ___except_validate_context_record 00410a10 f   libvcruntimed:jbcxrval.obj
 0001:0000fa60       ___except_validate_jump_buffer 00410a60 f   libvcruntimed:jbcxrval.obj
 0001:0000fab0       ___vcrt_initialize_locks   00410ab0 f   libvcruntimed:locks.obj
 0001:0000fb10       ___vcrt_lock               00410b10 f   libvcruntimed:locks.obj
 0001:0000fb30       ___vcrt_uninitialize_locks 00410b30 f   libvcruntimed:locks.obj
 0001:0000fb80       ___vcrt_unlock             00410b80 f   libvcruntimed:locks.obj
 0001:0000fba0       ??$?BX@__crt_fast_encoded_nullptr_t@@QBEPAXXZ 00410ba0 f i libvcruntimed:winapi_downlevel.obj
 0001:0000fbc0       ??$__crt_fast_decode_pointer@PAX@@YAPAXQAX@Z 00410bc0 f i libvcruntimed:winapi_downlevel.obj
 0001:0000fbf0       ??$__crt_fast_encode_pointer@PAX@@YAPAXQAX@Z 00410bf0 f i libvcruntimed:winapi_downlevel.obj
 0001:0000fc20       ??$__crt_interlocked_exchange_pointer@UHINSTANCE__@@PAU1@@@YAPAUHINSTANCE__@@PDSAU0@QAU0@@Z 00410c20 f i libvcruntimed:winapi_downlevel.obj
 0001:0000fc30       ??$__crt_interlocked_exchange_pointer@UHINSTANCE__@@PAX@@YAPAUHINSTANCE__@@PDSAU0@QAX@Z 00410c30 f i libvcruntimed:winapi_downlevel.obj
 0001:0000fc40       ??$__crt_interlocked_exchange_pointer@XPAX@@YAPAXPDSAXQAX@Z 00410c40 f i libvcruntimed:winapi_downlevel.obj
 0001:0000fc50       ??$__crt_interlocked_read_pointer@UHINSTANCE__@@@@YAPAUHINSTANCE__@@PDSAU0@@Z 00410c50 f i libvcruntimed:winapi_downlevel.obj
 0001:0000fc70       ??$__crt_interlocked_read_pointer@X@@YAPAXPDSAX@Z 00410c70 f i libvcruntimed:winapi_downlevel.obj
 0001:0000fc90       ?__crt_fast_encode_pointer@@YA?AU__crt_fast_encoded_nullptr_t@@$$T@Z 00410c90 f i libvcruntimed:winapi_downlevel.obj
 0001:00010090       ___vcrt_FlsAlloc           00411090 f   libvcruntimed:winapi_downlevel.obj
 0001:000100d0       ___vcrt_FlsFree            004110d0 f   libvcruntimed:winapi_downlevel.obj
 0001:00010110       ___vcrt_FlsGetValue        00411110 f   libvcruntimed:winapi_downlevel.obj
 0001:00010150       ___vcrt_FlsSetValue        00411150 f   libvcruntimed:winapi_downlevel.obj
 0001:000101a0       ___vcrt_InitializeCriticalSectionEx 004111a0 f   libvcruntimed:winapi_downlevel.obj
 0001:000101f0       ___vcrt_initialize_winapi_thunks 004111f0 f   libvcruntimed:winapi_downlevel.obj
 0001:00010250       ___vcrt_uninitialize_winapi_thunks 00411250 f   libvcruntimed:winapi_downlevel.obj
 0001:000102c0       ??$?B$$A6AXXZ@__crt_fast_encoded_nullptr_t@@QBEP6AXXZXZ 004112c0 f i libvcruntimed:purevirt_data.obj
 0001:000102e0       ??$__crt_fast_encode_pointer@P6AXXZ@@YAP6AXXZQ6AXXZ@Z 004112e0 f i libvcruntimed:purevirt_data.obj
 0001:00010310       ___vcrt_initialize_pure_virtual_call_handler 00411310 f   libvcruntimed:purevirt_data.obj
 0001:00010340       __local_unwind4            00411340 f   libvcruntimed:_exsup4_.obj
 0001:00010418       __seh_longjmp_unwind4@4    00411418 f   libvcruntimed:_exsup4_.obj
 0001:00010440       @_EH4_CallFilterFunc@8     00411440 f   libvcruntimed:_exsup4_.obj
 0001:00010458       @_EH4_TransferToHandler@8  00411458 f   libvcruntimed:_exsup4_.obj
 0001:00010474       @_EH4_GlobalUnwind2@8      00411474 f   libvcruntimed:_exsup4_.obj
 0001:00010490       @_EH4_LocalUnwind@16       00411490 f   libvcruntimed:_exsup4_.obj
 0001:000104b0       ??0Block@_HeapManager@@QAE@XZ 004114b0 f i libvcruntimed:undname.obj
 0001:000104d0       ??0DName@@QAE@AAPBDD@Z     004114d0 f   libvcruntimed:undname.obj
 0001:00010700       ??0DName@@QAE@ABV0@@Z      00411700 f i libvcruntimed:undname.obj
 0001:00010730       ??0DName@@QAE@D@Z          00411730 f   libvcruntimed:undname.obj
 0001:00010770       ??0DName@@QAE@PAV0@@Z      00411770 f   libvcruntimed:undname.obj
 0001:00010820       ??0DName@@QAE@PBD@Z        00411820 f   libvcruntimed:undname.obj
 0001:00010870       ??0DName@@QAE@W4DNameStatus@@@Z 00411870 f   libvcruntimed:undname.obj
 0001:00010910       ??0DName@@QAE@XZ           00411910 f i libvcruntimed:undname.obj
 0001:00010940       ??0DName@@QAE@_J@Z         00411940 f   libvcruntimed:undname.obj
 0001:00010a30       ??0DName@@QAE@_K@Z         00411a30 f   libvcruntimed:undname.obj
 0001:00010ae0       ??0DNameNode@@IAE@XZ       00411ae0 f   libvcruntimed:undname.obj
 0001:00010b00       ??0DNameStatusNode@@AAE@W4DNameStatus@@@Z 00411b00 f   libvcruntimed:undname.obj
 0001:00010b50       ??0Replicator@@QAE@XZ      00411b50 f i libvcruntimed:undname.obj
 0001:00010b70       ??0UnDecorator@@QAE@PADPBDHP6APADJ@ZK@Z 00411b70 f i libvcruntimed:undname.obj
 0001:00010c10       ??0charNode@@QAE@D@Z       00411c10 f   libvcruntimed:undname.obj
 0001:00010c40       ??0pDNameNode@@QAE@PAVDName@@@Z 00411c40 f   libvcruntimed:undname.obj
 0001:00010ca0       ??0pairNode@@QAE@PAVDNameNode@@0@Z 00411ca0 f   libvcruntimed:undname.obj
 0001:00010ce0       ??0pcharNode@@QAE@PBDH@Z   00411ce0 f   libvcruntimed:undname.obj
 0001:00010d80       ??2@YAPAXIAAV_HeapManager@@H@Z 00411d80 f i libvcruntimed:undname.obj
 0001:00010da0       ??4DName@@QAEAAV0@ABV0@@Z  00411da0 f   libvcruntimed:undname.obj
 0001:00010dd0       ??4DName@@QAEAAV0@D@Z      00411dd0 f i libvcruntimed:undname.obj
 0001:00010e10       ??4DName@@QAEAAV0@PAV0@@Z  00411e10 f   libvcruntimed:undname.obj
 0001:00010eb0       ??4DName@@QAEAAV0@PBD@Z    00411eb0 f   libvcruntimed:undname.obj
 0001:00010ef0       ??4DName@@QAEAAV0@W4DNameStatus@@@Z 00411ef0 f   libvcruntimed:undname.obj
 0001:00010f70       ??AReplicator@@QBE?AVDName@@H@Z 00411f70 f   libvcruntimed:undname.obj
 0001:00010fe0       ??BUnDecorator@@QAEPADXZ   00411fe0 f i libvcruntimed:undname.obj
 0001:00011290       ??H@YA?AVDName@@DABV0@@Z   00412290 f i libvcruntimed:undname.obj
 0001:000112c0       ??H@YA?AVDName@@PBDABV0@@Z 004122c0 f i libvcruntimed:undname.obj
 0001:000112f0       ??H@YA?AVDName@@W4DNameStatus@@ABV0@@Z 004122f0 f i libvcruntimed:undname.obj
 0001:00011320       ??HDName@@QBE?AV0@ABV0@@Z  00412320 f   libvcruntimed:undname.obj
 0001:00011360       ??HDName@@QBE?AV0@D@Z      00412360 f   libvcruntimed:undname.obj
 0001:000113a0       ??HDName@@QBE?AV0@PAV0@@Z  004123a0 f   libvcruntimed:undname.obj
 0001:000113e0       ??HDName@@QBE?AV0@PBD@Z    004123e0 f   libvcruntimed:undname.obj
 0001:00011420       ??HDName@@QBE?AV0@W4DNameStatus@@@Z 00412420 f   libvcruntimed:undname.obj
 0001:00011460       ??YDName@@QAEAAV0@ABV0@@Z  00412460 f   libvcruntimed:undname.obj
 0001:000114d0       ??YDName@@QAEAAV0@D@Z      004124d0 f   libvcruntimed:undname.obj
 0001:00011550       ??YDName@@QAEAAV0@PAV0@@Z  00412550 f   libvcruntimed:undname.obj
 0001:00011600       ??YDName@@QAEAAV0@PBD@Z    00412600 f   libvcruntimed:undname.obj
 0001:000116a0       ??YDName@@QAEAAV0@W4DNameStatus@@@Z 004126a0 f   libvcruntimed:undname.obj
 0001:00011700       ??YReplicator@@QAEAAV0@ABVDName@@@Z 00412700 f   libvcruntimed:undname.obj
 0001:00011790       ??_5DName@@QAEAAV0@ABV0@@Z 00412790 f   libvcruntimed:undname.obj
 0001:000117f0       ?Constructor@_HeapManager@@QAEXP6APAXI@ZP6AXPAX@Z@Z 004127f0 f i libvcruntimed:undname.obj
 0001:00011830       ?Destructor@_HeapManager@@QAEXXZ 00412830 f i libvcruntimed:undname.obj
 0001:00011890       ?UScore@UnDecorator@@SAPBDW4Tokens@@@Z 00412890 f   libvcruntimed:undname.obj
 0001:000118c0       ?append@DName@@AAEXPAVDNameNode@@@Z 004128c0 f   libvcruntimed:undname.obj
 0001:00011950       ?composeDeclaration@UnDecorator@@CA?AVDName@@ABV2@@Z 00412950 f i libvcruntimed:undname.obj
 0001:000135e0       ?dbGetString@DName@@QBEPADXZ 004145e0 f   libvcruntimed:undname.obj
 0001:00013600       ?doAccessSpecifiers@UnDecorator@@SAHXZ 00414600 f i libvcruntimed:undname.obj
 0001:00013630       ?doAllocationLanguage@UnDecorator@@SAHXZ 00414630 f i libvcruntimed:undname.obj
 0001:00013660       ?doAllocationModel@UnDecorator@@SAHXZ 00414660 f i libvcruntimed:undname.obj
 0001:00013690       ?doEcsu@UnDecorator@@SAHXZ 00414690 f i libvcruntimed:undname.obj
 0001:000136c0       ?doEllipsis@UnDecorator@@SAHXZ 004146c0 f i libvcruntimed:undname.obj
 0001:000136f0       ?doFunctionReturns@UnDecorator@@SAHXZ 004146f0 f i libvcruntimed:undname.obj
 0001:00013720       ?doMSKeywords@UnDecorator@@SAHXZ 00414720 f i libvcruntimed:undname.obj
 0001:00013750       ?doMemberTypes@UnDecorator@@SAHXZ 00414750 f i libvcruntimed:undname.obj
 0001:00013780       ?doNameOnly@UnDecorator@@SAHXZ 00414780 f i libvcruntimed:undname.obj
 0001:00013790       ?doNoIdentCharCheck@UnDecorator@@SAHXZ 00414790 f i libvcruntimed:undname.obj
 0001:000137a0       ?doPchar@DName@@AAEXPBDH@Z 004147a0 f   libvcruntimed:undname.obj
 0001:000138e0       ?doPtr64@UnDecorator@@SAHXZ 004148e0 f i libvcruntimed:undname.obj
 0001:00013910       ?doRestrictionSpec@UnDecorator@@SAHXZ 00414910 f i libvcruntimed:undname.obj
 0001:00013940       ?doThisTypes@UnDecorator@@SAHXZ 00414940 f i libvcruntimed:undname.obj
 0001:00013970       ?doThrowTypes@UnDecorator@@SAHXZ 00414970 f i libvcruntimed:undname.obj
 0001:000139a0       ?doTypeOnly@UnDecorator@@SAHXZ 004149a0 f i libvcruntimed:undname.obj
 0001:000139b0       ?doUnderScore@UnDecorator@@SAHXZ 004149b0 f i libvcruntimed:undname.obj
 0001:000139e0       ?getArgumentList@UnDecorator@@CA?AVDName@@XZ 004149e0 f   libvcruntimed:undname.obj
 0001:00013b30       ?getArgumentTypes@UnDecorator@@CA?AVDName@@XZ 00414b30 f   libvcruntimed:undname.obj
 0001:00013c90       ?getArrayType@UnDecorator@@CA?AVDName@@ABV2@@Z 00414c90 f i libvcruntimed:undname.obj
 0001:00013ed0       ?getBasedType@UnDecorator@@CA?AVDName@@XZ 00414ed0 f   libvcruntimed:undname.obj
 0001:00013f90       ?getBasicDataType@UnDecorator@@CA?AVDName@@ABV2@@Z 00414f90 f   libvcruntimed:undname.obj
 0001:00014580       ?getCallIndex@UnDecorator@@CA?AVDName@@XZ 00415580 f i libvcruntimed:undname.obj
 0001:000145a0       ?getCallingConvention@UnDecorator@@CA?AVDName@@XZ 004155a0 f   libvcruntimed:undname.obj
 0001:00014730       ?getDataIndirectType@UnDecorator@@CA?AVDName@@ABV2@PBD0H@Z 00415730 f   libvcruntimed:undname.obj
 0001:00014ef0       ?getDataIndirectType@UnDecorator@@CA?AVDName@@XZ 00415ef0 f i libvcruntimed:undname.obj
 0001:00014f30       ?getDataType@UnDecorator@@CA?AVDName@@PAV2@@Z 00415f30 f   libvcruntimed:undname.obj
 0001:00015050       ?getDecoratedName@UnDecorator@@CA?AVDName@@XZ 00416050 f   libvcruntimed:undname.obj
 0001:00015370       ?getDimension@UnDecorator@@CA?AVDName@@_N@Z 00416370 f   libvcruntimed:undname.obj
 0001:00015620       ?getDispatchTarget@UnDecorator@@CA?AVDName@@XZ 00416620 f   libvcruntimed:undname.obj
 0001:000156c0       ?getDisplacement@UnDecorator@@CA?AVDName@@XZ 004166c0 f i libvcruntimed:undname.obj
 0001:000156e0       ?getECSUDataType@UnDecorator@@CA?AVDName@@XZ 004166e0 f   libvcruntimed:undname.obj
 0001:000158b0       ?getECSUName@UnDecorator@@CA?AVDName@@XZ 004168b0 f i libvcruntimed:undname.obj
 0001:000158d0       ?getEnumType@UnDecorator@@CA?AVDName@@XZ 004168d0 f i libvcruntimed:undname.obj
 0001:00015a20       ?getExtendedDataIndirectType@UnDecorator@@CA?AVDName@@AAPBDAA_NH@Z 00416a20 f   libvcruntimed:undname.obj
 0001:00015c70       ?getExternalDataType@UnDecorator@@CA?AVDName@@ABV2@@Z 00416c70 f i libvcruntimed:undname.obj
 0001:00015d00       ?getFunctionIndirectType@UnDecorator@@CA?AVDName@@ABV2@@Z 00416d00 f   libvcruntimed:undname.obj
 0001:00016190       ?getGuardNumber@UnDecorator@@CA?AVDName@@XZ 00417190 f i libvcruntimed:undname.obj
 0001:000161b0       ?getLastChar@DName@@QBEDXZ 004171b0 f i libvcruntimed:undname.obj
 0001:000161f0       ?getLastChar@DNameStatusNode@@UBEDXZ 004171f0 f i libvcruntimed:undname.obj
 0001:00016220       ?getLastChar@charNode@@UBEDXZ 00417220 f i libvcruntimed:undname.obj
 0001:00016240       ?getLastChar@pDNameNode@@UBEDXZ 00417240 f i libvcruntimed:undname.obj
 0001:00016270       ?getLastChar@pairNode@@UBEDXZ 00417270 f i libvcruntimed:undname.obj
 0001:000162e0       ?getLastChar@pcharNode@@UBEDXZ 004172e0 f i libvcruntimed:undname.obj
 0001:00016320       ?getLexicalFrame@UnDecorator@@CA?AVDName@@XZ 00417320 f i libvcruntimed:undname.obj
 0001:00016360       ?getMemory@_HeapManager@@QAEPAXIH@Z 00417360 f   libvcruntimed:undname.obj
 0001:00016480       ?getNumberOfDimensions@UnDecorator@@CAHXZ 00417480 f   libvcruntimed:undname.obj
 0001:00016580       ?getOperatorName@UnDecorator@@CA?AVDName@@_NPA_N@Z 00417580 f i libvcruntimed:undname.obj
 0001:00016fb0       ?getPointerType@UnDecorator@@CA?AVDName@@ABV2@0@Z 00417fb0 f i libvcruntimed:undname.obj
 0001:00016fe0       ?getPointerTypeArray@UnDecorator@@CA?AVDName@@ABV2@0@Z 00417fe0 f i libvcruntimed:undname.obj
 0001:00017010       ?getPrimaryDataType@UnDecorator@@CA?AVDName@@ABV2@@Z 00418010 f   libvcruntimed:undname.obj
 0001:00017410       ?getPtrRefDataType@UnDecorator@@CA?AVDName@@ABV2@H@Z 00418410 f   libvcruntimed:undname.obj
 0001:00017640       ?getPtrRefType@UnDecorator@@CA?AVDName@@ABV2@0PBD@Z 00418640 f   libvcruntimed:undname.obj
 0001:000177b0       ?getReferenceType@UnDecorator@@CA?AVDName@@ABV2@0PBD@Z 004187b0 f i libvcruntimed:undname.obj
 0001:000177d0       ?getRestrictionSpec@UnDecorator@@CA?AVDName@@XZ 004187d0 f   libvcruntimed:undname.obj
 0001:00017920       ?getReturnType@UnDecorator@@CA?AVDName@@PAV2@@Z 00418920 f   libvcruntimed:undname.obj
 0001:00017970       ?getScope@UnDecorator@@CA?AVDName@@XZ 00418970 f   libvcruntimed:undname.obj
 0001:00017e60       ?getScopedName@UnDecorator@@CA?AVDName@@XZ 00418e60 f   libvcruntimed:undname.obj
 0001:00017f80       ?getSignedDimension@UnDecorator@@CA?AVDName@@XZ 00418f80 f   libvcruntimed:undname.obj
 0001:00018000       ?getStorageConvention@UnDecorator@@CA?AVDName@@XZ 00419000 f i libvcruntimed:undname.obj
 0001:00018020       ?getString@DName@@QBEPADPAD0@Z 00419020 f i libvcruntimed:undname.obj
 0001:00018070       ?getString@DName@@QBEPADPADH@Z 00419070 f i libvcruntimed:undname.obj
 0001:00018100       ?getString@DNameStatusNode@@UBEPADPAD0@Z 00419100 f i libvcruntimed:undname.obj
 0001:00018140       ?getString@charNode@@UBEPADPAD0@Z 00419140 f i libvcruntimed:undname.obj
 0001:00018170       ?getString@pDNameNode@@UBEPADPAD0@Z 00419170 f i libvcruntimed:undname.obj
 0001:000181b0       ?getString@pairNode@@UBEPADPAD0@Z 004191b0 f i libvcruntimed:undname.obj
 0001:00018230       ?getString@pcharNode@@UBEPADPAD0@Z 00419230 f i libvcruntimed:undname.obj
 0001:00018260       ?getStringEncoding@UnDecorator@@CA?AVDName@@PBDH@Z 00419260 f   libvcruntimed:undname.obj
 0001:00018370       ?getStringHelper@@YAPADPADPBD1H@Z 00419370 f i libvcruntimed:undname.obj
 0001:000183b0       ?getSymbolName@UnDecorator@@CA?AVDName@@XZ 004193b0 f i libvcruntimed:undname.obj
 0001:00018440       ?getTemplateArgumentList@UnDecorator@@CA?AVDName@@XZ 00419440 f   libvcruntimed:undname.obj
 0001:00018830       ?getTemplateConstant@UnDecorator@@CA?AVDName@@XZ 00419830 f   libvcruntimed:undname.obj
 0001:00018de0       ?getTemplateName@UnDecorator@@CA?AVDName@@_N@Z 00419de0 f   libvcruntimed:undname.obj
 0001:00018fb0       ?getThisType@UnDecorator@@CA?AVDName@@XZ 00419fb0 f i libvcruntimed:undname.obj
 0001:00018ff0       ?getThrowTypes@UnDecorator@@CA?AVDName@@XZ 00419ff0 f   libvcruntimed:undname.obj
 0001:000190a0       ?getTypeEncoding@UnDecorator@@CAHXZ 0041a0a0 f i libvcruntimed:undname.obj
 0001:00019b10       ?getVCallThunkType@UnDecorator@@CA?AVDName@@XZ 0041ab10 f i libvcruntimed:undname.obj
 0001:00019b70       ?getVbTableType@UnDecorator@@CA?AVDName@@ABV2@@Z 0041ab70 f i libvcruntimed:undname.obj
 0001:00019b90       ?getVdispMapType@UnDecorator@@CA?AVDName@@ABV2@@Z 0041ab90 f i libvcruntimed:undname.obj
 0001:00019c00       ?getVfTableType@UnDecorator@@CA?AVDName@@ABV2@@Z 0041ac00 f i libvcruntimed:undname.obj
 0001:00019dc0       ?getZName@UnDecorator@@CA?AVDName@@_N0@Z 0041adc0 f   libvcruntimed:undname.obj
 0001:0001a090       ?haveTemplateParameters@UnDecorator@@SAHXZ 0041b090 f i libvcruntimed:undname.obj
 0001:0001a0a0       ?isArray@DName@@QBEHXZ     0041b0a0 f i libvcruntimed:undname.obj
 0001:0001a0c0       ?isComArray@DName@@QBEHXZ  0041b0c0 f i libvcruntimed:undname.obj
 0001:0001a0e0       ?isEmpty@DName@@QBEHXZ     0041b0e0 f i libvcruntimed:undname.obj
 0001:0001a110       ?isFull@Replicator@@QBEHXZ 0041b110 f i libvcruntimed:undname.obj
 0001:0001a140       ?isNoTE@DName@@QBEHXZ      0041b140 f i libvcruntimed:undname.obj
 0001:0001a160       ?isPinPtr@DName@@QBEHXZ    0041b160 f i libvcruntimed:undname.obj
 0001:0001a180       ?isPtrRef@DName@@QBEHXZ    0041b180 f i libvcruntimed:undname.obj
 0001:0001a1a0       ?isUDC@DName@@QBEHXZ       0041b1a0 f i libvcruntimed:undname.obj
 0001:0001a1e0       ?isUDTThunk@DName@@QBEHXZ  0041b1e0 f i libvcruntimed:undname.obj
 0001:0001a220       ?isVCallThunk@DName@@QBEHXZ 0041b220 f i libvcruntimed:undname.obj
 0001:0001a240       ?isValid@DName@@QBEHXZ     0041b240 f i libvcruntimed:undname.obj
 0001:0001a280       ?length@DName@@QBEHXZ      0041b280 f i libvcruntimed:undname.obj
 0001:0001a2c0       ?length@DNameStatusNode@@UBEHXZ 0041b2c0 f i libvcruntimed:undname.obj
 0001:0001a2e0       ?length@charNode@@UBEHXZ   0041b2e0 f i libvcruntimed:undname.obj
 0001:0001a2f0       ?length@pDNameNode@@UBEHXZ 0041b2f0 f i libvcruntimed:undname.obj
 0001:0001a320       ?length@pairNode@@UBEHXZ   0041b320 f i libvcruntimed:undname.obj
 0001:0001a390       ?length@pcharNode@@UBEHXZ  0041b390 f i libvcruntimed:undname.obj
 0001:0001a3b0       ?make@DNameStatusNode@@SAPAV1@W4DNameStatus@@@Z 0041b3b0 f i libvcruntimed:undname.obj
 0001:0001a430       ?setIsArray@DName@@QAEXXZ  0041b430 f i libvcruntimed:undname.obj
 0001:0001a450       ?setIsComArray@DName@@QAEXXZ 0041b450 f i libvcruntimed:undname.obj
 0001:0001a470       ?setIsNoTE@DName@@QAEXXZ   0041b470 f i libvcruntimed:undname.obj
 0001:0001a490       ?setIsPinPtr@DName@@QAEXXZ 0041b490 f i libvcruntimed:undname.obj
 0001:0001a4b0       ?setIsUDC@DName@@QAEXXZ    0041b4b0 f i libvcruntimed:undname.obj
 0001:0001a4e0       ?setIsVCallThunk@DName@@QAEXXZ 0041b4e0 f i libvcruntimed:undname.obj
 0001:0001a500       ?setPtrRef@DName@@QAEAAV1@XZ 0041b500 f i libvcruntimed:undname.obj
 0001:0001a520       ?status@DName@@QBE?AW4DNameStatus@@XZ 0041b520 f i libvcruntimed:undname.obj
 0001:0001a620       ___unDName                 0041b620 f   libvcruntimed:undname.obj
 0001:0001a6f0       ___unDNameEx               0041b6f0 f   libvcruntimed:undname.obj
 0001:0001a7c0       __global_unwind2           0041b7c0 f   libvcruntimed:_exsup_.obj
 0001:0001a826       __local_unwind2            0041b826 f   libvcruntimed:_exsup_.obj
 0001:0001a8aa       __abnormal_termination     0041b8aa f   libvcruntimed:_exsup_.obj
 0001:0001a8d0       __NLG_Notify1              0041b8d0 f   libvcruntimed:_exsup_.obj
 0001:0001a8dc       __NLG_Notify               0041b8dc f   libvcruntimed:_exsup_.obj
 0001:0001a8f3       __NLG_Dispatch2            0041b8f3     libvcruntimed:_exsup_.obj
 0001:0001a8f3       __NLG_Dispatch             0041b8f3     libvcruntimed:_exsup_.obj
 0001:0001a8fb       __NLG_Call                 0041b8fb f   libvcruntimed:_exsup_.obj
 0001:0001a8fd       __NLG_Return2              0041b8fd     libvcruntimed:_exsup_.obj
 0001:0001a930       __get_unexpected           0041b930 f   libvcruntimed:unexpected.obj
 0001:0001a950       _set_unexpected            0041b950 f   libvcruntimed:unexpected.obj
 0001:0001a980       _unexpected                0041b980 f   libvcruntimed:unexpected.obj
 0001:0001a9c0       _memmove                   0041b9c0 f   libvcruntimed:memmove.obj
 0001:0001af40       ___DestructExceptionObject 0041bf40 f   libvcruntimed:ehhelpers.obj
 0001:0001b070       ?_CallMemberFunction0@@YGXQAX0@Z 0041c070 f i libvcruntimed:ehhelpers.obj
 0001:0001b090       ?raw_name@type_info@@QBEPBDXZ 0041c090 f i libvcruntimed:ehhelpers.obj
 0001:0001b0b0       __IsExceptionObjectToBeDestroyed 0041c0b0 f   libvcruntimed:ehhelpers.obj
 0001:0001b0f0       __SetWinRTOutOfMemoryExceptionCallback 0041c0f0 f   libvcruntimed:ehhelpers.obj
 0001:0001b100       ___AdjustPointer           0041c100 f   libvcruntimed:ehhelpers.obj
 0001:0001b150       ___FrameUnwindFilter       0041c150 f   libvcruntimed:ehhelpers.obj
 0001:0001b1d0       ___GetPlatformExceptionInfo 0041c1d0 f   libvcruntimed:ehhelpers.obj
 0001:0001b250       ___current_exception       0041c250 f   libvcruntimed:ehhelpers.obj
 0001:0001b260       ___current_exception_context 0041c260 f   libvcruntimed:ehhelpers.obj
 0001:0001b270       ___processing_throw        0041c270 f   libvcruntimed:ehhelpers.obj
 0001:0001b280       ___std_terminate           0041c280 f   libvcruntimed:ehhelpers.obj
 0001:0001b290       ___uncaught_exception      0041c290 f   libvcruntimed:ehhelpers.obj
 0001:0001b2c0       ___uncaught_exceptions     0041c2c0 f   libvcruntimed:ehhelpers.obj
 0001:0001b2f0       __is_exception_typeof      0041c2f0 f   libvcruntimed:ehhelpers.obj
 0001:0001b3d0       ??$__crt_fast_decode_pointer@P6AXXZ@@YAP6AXXZQ6AXXZ@Z 0041c3d0 f i libvcruntimed:purevirt.obj
 0001:0001b400       ??$__crt_interlocked_exchange_pointer@$$A6AXXZP6AXXZ@@YAP6AXXZPDS6AXXZQ6AXXZ@Z 0041c400 f i libvcruntimed:purevirt.obj
 0001:0001b410       ??$__crt_interlocked_read_pointer@$$A6AXXZ@@YAP6AXXZPDS6AXXZ@Z 0041c410 f i libvcruntimed:purevirt.obj
 0001:0001b430       __get_purecall_handler     0041c430 f   libvcruntimed:purevirt.obj
 0001:0001b450       __purecall                 0041c450 f   libvcruntimed:purevirt.obj
 0001:0001b480       __set_purecall_handler     0041c480 f   libvcruntimed:purevirt.obj
 0001:0001b4b0       _strcpy                    0041c4b0 f   libucrtd:strcat.obj
 0001:0001b4c0       _strcat                    0041c4c0 f   libucrtd:strcat.obj
 0001:0001b5b0       _strlen                    0041c5b0 f   libucrtd:strlen.obj
 0001:0001b640       ??$is_overflow_condition@K@__crt_strtox@@YA_NIK@Z 0041c640 f i libucrtd:atox.obj
 0001:0001b6a0       ??$is_overflow_condition@_K@__crt_strtox@@YA_NI_K@Z 0041c6a0 f i libucrtd:atox.obj
 0001:0001b730       ??$make_c_string_character_source@D$$T@__crt_strtox@@YA?AV?$c_string_character_source@D@0@QBD$$T@Z 0041c730 f i libucrtd:atox.obj
 0001:0001b750       ??$make_c_string_character_source@_W$$T@__crt_strtox@@YA?AV?$c_string_character_source@_W@0@QB_W$$T@Z 0041c750 f i libucrtd:atox.obj
 0001:0001b770       ??$parse_integer@KV?$c_string_character_source@D@__crt_strtox@@@__crt_strtox@@YAKQAU__crt_locale_pointers@@V?$c_string_character_source@D@0@H_N@Z 0041c770 f i libucrtd:atox.obj
 0001:0001bae0       ??$parse_integer@KV?$c_string_character_source@_W@__crt_strtox@@@__crt_strtox@@YAKQAU__crt_locale_pointers@@V?$c_string_character_source@_W@0@H_N@Z 0041cae0 f i libucrtd:atox.obj
 0001:0001be50       ??$parse_integer@_KV?$c_string_character_source@D@__crt_strtox@@@__crt_strtox@@YA_KQAU__crt_locale_pointers@@V?$c_string_character_source@D@0@H_N@Z 0041ce50 f i libucrtd:atox.obj
 0001:0001c270       ??$parse_integer@_KV?$c_string_character_source@_W@__crt_strtox@@@__crt_strtox@@YA_KQAU__crt_locale_pointers@@V?$c_string_character_source@_W@0@H_N@Z 0041d270 f i libucrtd:atox.obj
 0001:0001c6a0       ??$parse_integer_from_string@JD$$T@__crt_strtox@@YAJQBD$$THQAU__crt_locale_pointers@@@Z 0041d6a0 f i libucrtd:atox.obj
 0001:0001c6e0       ??$parse_integer_from_string@J_W$$T@__crt_strtox@@YAJQB_W$$THQAU__crt_locale_pointers@@@Z 0041d6e0 f i libucrtd:atox.obj
 0001:0001c720       ??$parse_integer_from_string@_JD$$T@__crt_strtox@@YA_JQBD$$THQAU__crt_locale_pointers@@@Z 0041d720 f i libucrtd:atox.obj
 0001:0001c760       ??$parse_integer_from_string@_J_W$$T@__crt_strtox@@YA_JQB_W$$THQAU__crt_locale_pointers@@@Z 0041d760 f i libucrtd:atox.obj
 0001:0001c7a0       ??0?$c_string_character_source@D@__crt_strtox@@QAE@QBDQAPBD@Z 0041d7a0 f i libucrtd:atox.obj
 0001:0001c7e0       ??0?$c_string_character_source@_W@__crt_strtox@@QAE@QB_WQAPB_W@Z 0041d7e0 f i libucrtd:atox.obj
 0001:0001c820       ??0_LocaleUpdate@@QAE@QAU__crt_locale_pointers@@@Z 0041d820 f i libucrtd:atox.obj
 0001:0001c900       ??1?$c_string_character_source@D@__crt_strtox@@QAE@XZ 0041d900 f i libucrtd:atox.obj
 0001:0001c930       ??1?$c_string_character_source@_W@__crt_strtox@@QAE@XZ 0041d930 f i libucrtd:atox.obj
 0001:0001c960       ??1_LocaleUpdate@@QAE@XZ   0041d960 f i libucrtd:atox.obj
 0001:0001c9a0       ?GetLocaleT@_LocaleUpdate@@QAEPAU__crt_locale_pointers@@XZ 0041d9a0 f i libucrtd:atox.obj
 0001:0001c9c0       ?get@?$c_string_character_source@D@__crt_strtox@@QAEDXZ 0041d9c0 f i libucrtd:atox.obj
 0001:0001c9f0       ?get@?$c_string_character_source@_W@__crt_strtox@@QAE_WXZ 0041d9f0 f i libucrtd:atox.obj
 0001:0001ca20       ?is_space@__crt_strtox@@YA_NDQAU__crt_locale_pointers@@@Z 0041da20 f i libucrtd:atox.obj
 0001:0001ca60       ?is_space@__crt_strtox@@YA_N_WPAU__crt_locale_pointers@@@Z 0041da60 f i libucrtd:atox.obj
 0001:0001ca90       ?maximum_signed_value@__crt_strtox@@YAJK@Z 0041da90 f i libucrtd:atox.obj
 0001:0001caa0       ?maximum_signed_value@__crt_strtox@@YA_J_K@Z 0041daa0 f i libucrtd:atox.obj
 0001:0001cab0       ?minimum_signed_value@__crt_strtox@@YAJK@Z 0041dab0 f i libucrtd:atox.obj
 0001:0001cac0       ?minimum_signed_value@__crt_strtox@@YA_J_K@Z 0041dac0 f i libucrtd:atox.obj
 0001:0001cad0       ?parse_digit@__crt_strtox@@YAID@Z 0041dad0 f i libucrtd:atox.obj
 0001:0001cb30       ?parse_digit@__crt_strtox@@YAI_W@Z 0041db30 f i libucrtd:atox.obj
 0001:0001cbb0       ?restore_state@?$c_string_character_source@D@__crt_strtox@@QAE_NQBD@Z 0041dbb0 f i libucrtd:atox.obj
 0001:0001cbd0       ?restore_state@?$c_string_character_source@_W@__crt_strtox@@QAE_NQB_W@Z 0041dbd0 f i libucrtd:atox.obj
 0001:0001cbf0       ?save_state@?$c_string_character_source@D@__crt_strtox@@QBEPBDXZ 0041dbf0 f i libucrtd:atox.obj
 0001:0001cc10       ?save_state@?$c_string_character_source@_W@__crt_strtox@@QBEPB_WXZ 0041dc10 f i libucrtd:atox.obj
 0001:0001cc30       ?unget@?$c_string_character_source@D@__crt_strtox@@QAEXD@Z 0041dc30 f i libucrtd:atox.obj
 0001:0001cce0       ?unget@?$c_string_character_source@_W@__crt_strtox@@QAEX_W@Z 0041dce0 f i libucrtd:atox.obj
 0001:0001cd90       ?validate@?$c_string_character_source@D@__crt_strtox@@QBE_NXZ 0041dd90 f i libucrtd:atox.obj
 0001:0001ce20       ?validate@?$c_string_character_source@_W@__crt_strtox@@QBE_NXZ 0041de20 f i libucrtd:atox.obj
 0001:0001ceb0       ?wide_character_to_digit@__crt_strtox@@YAH_W@Z 0041deb0 f i libucrtd:atox.obj
 0001:0001d1e0       ___acrt_get_locale_data_prefix 0041e1e0 f i libucrtd:atox.obj
 0001:0001d200       ___acrt_locale_changed     0041e200 f i libucrtd:atox.obj
 0001:0001d230       __atoi64                   0041e230 f   libucrtd:atox.obj
 0001:0001d250       __atoi64_l                 0041e250 f   libucrtd:atox.obj
 0001:0001d270       __atoi_l                   0041e270 f   libucrtd:atox.obj
 0001:0001d290       __atol_l                   0041e290 f   libucrtd:atox.obj
 0001:0001d2b0       __atoll_l                  0041e2b0 f   libucrtd:atox.obj
 0001:0001d2d0       __chvalidchk_l             0041e2d0 f i libucrtd:atox.obj
 0001:0001d2f0       __ischartype_l             0041e2f0 f i libucrtd:atox.obj
 0001:0001d340       __wtoi                     0041e340 f   libucrtd:atox.obj
 0001:0001d360       __wtoi64                   0041e360 f   libucrtd:atox.obj
 0001:0001d380       __wtoi64_l                 0041e380 f   libucrtd:atox.obj
 0001:0001d3a0       __wtoi_l                   0041e3a0 f   libucrtd:atox.obj
 0001:0001d3c0       __wtol                     0041e3c0 f   libucrtd:atox.obj
 0001:0001d3e0       __wtol_l                   0041e3e0 f   libucrtd:atox.obj
 0001:0001d400       __wtoll                    0041e400 f   libucrtd:atox.obj
 0001:0001d420       __wtoll_l                  0041e420 f   libucrtd:atox.obj
 0001:0001d440       _atoi                      0041e440 f   libucrtd:atox.obj
 0001:0001d460       _atol                      0041e460 f   libucrtd:atox.obj
 0001:0001d480       _atoll                     0041e480 f   libucrtd:atox.obj
 0001:0001d499       ??$?R_W@__crt_public_free_policy@@QBEXQB_W@Z 0041e499 f i libucrtd:getcwd.obj
 0001:0001d9a5       ??0?$__crt_unique_heap_ptr@_WU__crt_public_free_policy@@@@QAE@QA_W@Z 0041e9a5 f i libucrtd:getcwd.obj
 0001:0001d9b5       ??1?$__crt_unique_heap_ptr@_WU__crt_public_free_policy@@@@QAE@XZ 0041e9b5 f i libucrtd:getcwd.obj
 0001:0001d9c7       ?detach@?$__crt_unique_heap_ptr@_WU__crt_public_free_policy@@@@QAEPA_WXZ 0041e9c7 f i libucrtd:getcwd.obj
 0001:0001d9cd       ?get@?$__crt_unique_heap_ptr@_WU__crt_public_free_policy@@@@QBEPA_WXZ 0041e9cd f i libucrtd:getcwd.obj
 0001:0001dab5       ?release@?$__crt_unique_heap_ptr@_WU__crt_public_free_policy@@@@QAEXXZ 0041eab5 f i libucrtd:getcwd.obj
 0001:0001dac7       _getcwd                    0041eac7 f   libucrtd:getcwd.obj
 0001:0001dac7       __getcwd                   0041eac7 f   libucrtd:getcwd.obj
 0001:0001dae3       __getcwd_dbg               0041eae3 f   libucrtd:getcwd.obj
 0001:0001db03       __getdcwd                  0041eb03 f   libucrtd:getcwd.obj
 0001:0001db21       __getdcwd_dbg              0041eb21 f   libucrtd:getcwd.obj
 0001:0001db2c       __wgetcwd                  0041eb2c f   libucrtd:getcwd.obj
 0001:0001db48       __wgetcwd_dbg              0041eb48 f   libucrtd:getcwd.obj
 0001:0001db68       __wgetdcwd                 0041eb68 f   libucrtd:getcwd.obj
 0001:0001db86       __wgetdcwd_dbg             0041eb86 f   libucrtd:getcwd.obj
 0001:0001db91       ??$?R_W@__crt_internal_free_policy@@QBEXQB_W@Z 0041eb91 f i libucrtd:chdir.obj
 0001:0001de34       ??$get_current_directory@AAKAAPAD@?$__crt_char_traits@D@@SAKAAKAAPAD@Z 0041ee34 f i libucrtd:chdir.obj
 0001:0001de4b       ??$get_current_directory@AAKAAPA_W@?$__crt_char_traits@_W@@SAKAAKAAPA_W@Z 0041ee4b f i libucrtd:chdir.obj
 0001:0001de62       ??$set_current_directory@ABQBD@?$__crt_char_traits@D@@SAHABQBD@Z 0041ee62 f i libucrtd:chdir.obj
 0001:0001de74       ??$set_current_directory@ABQB_W@?$__crt_char_traits@_W@@SAHABQB_W@Z 0041ee74 f i libucrtd:chdir.obj
 0001:0001df5e       ??$set_environment_variable@AAY03$$CBDABQBD@?$__crt_char_traits@D@@SAHAAY03$$CBDABQBD@Z 0041ef5e f i libucrtd:chdir.obj
 0001:0001df73       ??$set_environment_variable@AAY03$$CB_WABQB_W@?$__crt_char_traits@_W@@SAHAAY03$$CB_WABQB_W@Z 0041ef73 f i libucrtd:chdir.obj
 0001:0001df88       ??0?$__crt_unique_heap_ptr@_WU__crt_internal_free_policy@@@@QAE@QA_W@Z 0041ef88 f i libucrtd:chdir.obj
 0001:0001df98       ??1?$__crt_unique_heap_ptr@_WU__crt_internal_free_policy@@@@QAE@XZ 0041ef98 f i libucrtd:chdir.obj
 0001:0001dfad       ??4?$__crt_unique_heap_ptr@DU__crt_internal_free_policy@@@@QAEAAV0@$$QAV0@@Z 0041efad f i libucrtd:chdir.obj
 0001:0001dfd4       ??4?$__crt_unique_heap_ptr@_WU__crt_internal_free_policy@@@@QAEAAV0@$$QAV0@@Z 0041efd4 f i libucrtd:chdir.obj
 0001:0001dffb       ?get@?$__crt_unique_heap_ptr@_WU__crt_internal_free_policy@@@@QBEPA_WXZ 0041effb f i libucrtd:chdir.obj
 0001:0001dffe       ?release@?$__crt_unique_heap_ptr@_WU__crt_internal_free_policy@@@@QAEXXZ 0041effe f i libucrtd:chdir.obj
 0001:0001e013       _chdir                     0041f013 f   libucrtd:chdir.obj
 0001:0001e013       __chdir                    0041f013 f   libucrtd:chdir.obj
 0001:0001e01e       __wchdir                   0041f01e f   libucrtd:chdir.obj
 0001:0001e590       __strdate                  0041f590 f   libucrtd:strdate.obj
 0001:0001e5b0       __strdate_s                0041f5b0 f   libucrtd:strdate.obj
 0001:0001e5d0       __wstrdate                 0041f5d0 f   libucrtd:strdate.obj
 0001:0001e5f0       __wstrdate_s               0041f5f0 f   libucrtd:strdate.obj
 0001:00020ba0       ?get_address_of@?$__crt_unique_heap_ptr@_WU__crt_internal_free_policy@@@@QAEPAPA_WXZ 00421ba0 f i libucrtd:findfile.obj
 0001:00020bb0       __findclose                00421bb0 f   libucrtd:findfile.obj
 0001:00020be0       __findfirst32              00421be0 f   libucrtd:findfile.obj
 0001:00020c00       __findfirst32i64           00421c00 f   libucrtd:findfile.obj
 0001:00020c20       __findfirst64              00421c20 f   libucrtd:findfile.obj
 0001:00020c40       __findfirst64i32           00421c40 f   libucrtd:findfile.obj
 0001:00020c60       __findnext32               00421c60 f   libucrtd:findfile.obj
 0001:00020c80       __findnext32i64            00421c80 f   libucrtd:findfile.obj
 0001:00020ca0       __findnext64               00421ca0 f   libucrtd:findfile.obj
 0001:00020cc0       __findnext64i32            00421cc0 f   libucrtd:findfile.obj
 0001:00020ce0       __invoke_watson_if_error   00421ce0 f i libucrtd:findfile.obj
 0001:00020d10       __wfindfirst32             00421d10 f   libucrtd:findfile.obj
 0001:00020d30       __wfindfirst32i64          00421d30 f   libucrtd:findfile.obj
 0001:00020d50       __wfindfirst64             00421d50 f   libucrtd:findfile.obj
 0001:00020d70       __wfindfirst64i32          00421d70 f   libucrtd:findfile.obj
 0001:00020d90       __wfindnext32              00421d90 f   libucrtd:findfile.obj
 0001:00020db0       __wfindnext32i64           00421db0 f   libucrtd:findfile.obj
 0001:00020dd0       __wfindnext64              00421dd0 f   libucrtd:findfile.obj
 0001:00020df0       __wfindnext64i32           00421df0 f   libucrtd:findfile.obj
 0001:00020e10       ??0?$__crt_scoped_stack_ptr@D@@QAE@U?$__crt_scoped_stack_ptr_tag@D@@@Z 00421e10 f i libucrtd:strlwr.obj
 0001:00020e30       ??0?$__crt_scoped_stack_ptr_tag@D@@QAE@QAD@Z 00421e30 f i libucrtd:strlwr.obj
 0001:00020e50       ??1?$__crt_scoped_stack_ptr@D@@QAE@XZ 00421e50 f i libucrtd:strlwr.obj
 0001:00020e70       ??B?$__crt_scoped_stack_ptr@D@@QBE_NXZ 00421e70 f i libucrtd:strlwr.obj
 0001:00021360       ?get@?$__crt_scoped_stack_ptr@D@@QBEPADXZ 00422360 f i libucrtd:strlwr.obj
 0001:00021380       __MallocaComputeSize       00422380 f i libucrtd:strlwr.obj
 0001:000213b0       __MarkAllocaS              004223b0 f i libucrtd:strlwr.obj
 0001:000213e0       __freea_crt                004223e0 f i libucrtd:strlwr.obj
 0001:00021450       __strlwr                   00422450 f   libucrtd:strlwr.obj
 0001:00021540       __strlwr_l                 00422540 f   libucrtd:strlwr.obj
 0001:00021560       __strlwr_s                 00422560 f   libucrtd:strlwr.obj
 0001:00021580       __strlwr_s_l               00422580 f   libucrtd:strlwr.obj
 0001:00021aa0       __tolower                  00422aa0 f   libucrtd:tolower_toupper.obj
 0001:00021ab0       __tolower_l                00422ab0 f   libucrtd:tolower_toupper.obj
 0001:00021ad0       __toupper                  00422ad0 f   libucrtd:tolower_toupper.obj
 0001:00021ae0       __toupper_l                00422ae0 f   libucrtd:tolower_toupper.obj
 0001:00021b00       _tolower                   00422b00 f   libucrtd:tolower_toupper.obj
 0001:00021b60       _toupper                   00422b60 f   libucrtd:tolower_toupper.obj
 0001:00021bc0       ??$?0ABV?$stream_output_adapter@D@__crt_stdio_output@@AB_KABQBDABQAU__crt_locale_pointers@@ABQAD@?$format_validation_base@DV?$stream_output_adapter@D@__crt_stdio_output@@@__crt_stdio_output@@IAE@ABV?$stream_output_adapter@D@1@AB_KABQBDABQAU__crt_locale_pointers@@ABQAD@Z 00422bc0 f i libucrtd:output.obj
 0001:00021bf0       ??$?0ABV?$stream_output_adapter@D@__crt_stdio_output@@AB_KABQBDABQAU__crt_locale_pointers@@ABQAD@?$positional_parameter_base@DV?$stream_output_adapter@D@__crt_stdio_output@@@__crt_stdio_output@@IAE@ABV?$stream_output_adapter@D@1@AB_KABQBDABQAU__crt_locale_pointers@@ABQAD@Z 00422bf0 f i libucrtd:output.obj
 0001:00021c70       ??$?0ABV?$stream_output_adapter@D@__crt_stdio_output@@AB_KABQBDABQAU__crt_locale_pointers@@ABQAD@?$standard_base@DV?$stream_output_adapter@D@__crt_stdio_output@@@__crt_stdio_output@@IAE@ABV?$stream_output_adapter@D@1@AB_KABQBDABQAU__crt_locale_pointers@@ABQAD@Z 00422c70 f i libucrtd:output.obj
 0001:00021cc0       ??$?0ABV?$stream_output_adapter@_W@__crt_stdio_output@@AB_KABQB_WABQAU__crt_locale_pointers@@ABQAD@?$format_validation_base@_WV?$stream_output_adapter@_W@__crt_stdio_output@@@__crt_stdio_output@@IAE@ABV?$stream_output_adapter@_W@1@AB_KABQB_WABQAU__crt_locale_pointers@@ABQAD@Z 00422cc0 f i libucrtd:output.obj
 0001:00021cf0       ??$?0ABV?$stream_output_adapter@_W@__crt_stdio_output@@AB_KABQB_WABQAU__crt_locale_pointers@@ABQAD@?$positional_parameter_base@_WV?$stream_output_adapter@_W@__crt_stdio_output@@@__crt_stdio_output@@IAE@ABV?$stream_output_adapter@_W@1@AB_KABQB_WABQAU__crt_locale_pointers@@ABQAD@Z 00422cf0 f i libucrtd:output.obj
 0001:00021d70       ??$?0ABV?$stream_output_adapter@_W@__crt_stdio_output@@AB_KABQB_WABQAU__crt_locale_pointers@@ABQAD@?$standard_base@_WV?$stream_output_adapter@_W@__crt_stdio_output@@@__crt_stdio_output@@IAE@ABV?$stream_output_adapter@_W@1@AB_KABQB_WABQAU__crt_locale_pointers@@ABQAD@Z 00422d70 f i libucrtd:output.obj
 0001:00021dc0       ??$?0ABV?$string_output_adapter@D@__crt_stdio_output@@AB_KABQBDABQAU__crt_locale_pointers@@ABQAD@?$format_validation_base@DV?$string_output_adapter@D@__crt_stdio_output@@@__crt_stdio_output@@IAE@ABV?$string_output_adapter@D@1@AB_KABQBDABQAU__crt_locale_pointers@@ABQAD@Z 00422dc0 f i libucrtd:output.obj
 0001:00021df0       ??$?0ABV?$string_output_adapter@D@__crt_stdio_output@@AB_KABQBDABQAU__crt_locale_pointers@@ABQAD@?$positional_parameter_base@DV?$string_output_adapter@D@__crt_stdio_output@@@__crt_stdio_output@@IAE@ABV?$string_output_adapter@D@1@AB_KABQBDABQAU__crt_locale_pointers@@ABQAD@Z 00422df0 f i libucrtd:output.obj
 0001:00021e70       ??$?0ABV?$string_output_adapter@D@__crt_stdio_output@@AB_KABQBDABQAU__crt_locale_pointers@@ABQAD@?$standard_base@DV?$string_output_adapter@D@__crt_stdio_output@@@__crt_stdio_output@@IAE@ABV?$string_output_adapter@D@1@AB_KABQBDABQAU__crt_locale_pointers@@ABQAD@Z 00422e70 f i libucrtd:output.obj
 0001:00021ec0       ??$?0ABV?$string_output_adapter@_W@__crt_stdio_output@@AB_KABQB_WABQAU__crt_locale_pointers@@ABQAD@?$format_validation_base@_WV?$string_output_adapter@_W@__crt_stdio_output@@@__crt_stdio_output@@IAE@ABV?$string_output_adapter@_W@1@AB_KABQB_WABQAU__crt_locale_pointers@@ABQAD@Z 00422ec0 f i libucrtd:output.obj
 0001:00021ef0       ??$?0ABV?$string_output_adapter@_W@__crt_stdio_output@@AB_KABQB_WABQAU__crt_locale_pointers@@ABQAD@?$positional_parameter_base@_WV?$string_output_adapter@_W@__crt_stdio_output@@@__crt_stdio_output@@IAE@ABV?$string_output_adapter@_W@1@AB_KABQB_WABQAU__crt_locale_pointers@@ABQAD@Z 00422ef0 f i libucrtd:output.obj
 0001:00021f70       ??$?0ABV?$string_output_adapter@_W@__crt_stdio_output@@AB_KABQB_WABQAU__crt_locale_pointers@@ABQAD@?$standard_base@_WV?$string_output_adapter@_W@__crt_stdio_output@@@__crt_stdio_output@@IAE@ABV?$string_output_adapter@_W@1@AB_KABQB_WABQAU__crt_locale_pointers@@ABQAD@Z 00422f70 f i libucrtd:output.obj
 0001:000224a0       ??$__crt_interlocked_read@J@@YAJPDJ@Z 004234a0 f i libucrtd:output.obj
 0001:00025240       ??$count@D@formatting_buffer@__crt_stdio_output@@QBEIXZ 00426240 f i libucrtd:output.obj
 0001:00025280       ??$count@_W@formatting_buffer@__crt_stdio_output@@QBEIXZ 00426280 f i libucrtd:output.obj
 0001:000252c0       ??$data@D@formatting_buffer@__crt_stdio_output@@QAEPADXZ 004262c0 f i libucrtd:output.obj
 0001:00025300       ??$data@_W@formatting_buffer@__crt_stdio_output@@QAEPA_WXZ 00426300 f i libucrtd:output.obj
 0001:00025340       ??$ensure_buffer_is_big_enough@D@formatting_buffer@__crt_stdio_output@@QAE_NI@Z 00426340 f i libucrtd:output.obj
 0001:00025420       ??$extract_argument_from_va_list@C_J@?$positional_parameter_base@DV?$stream_output_adapter@D@__crt_stdio_output@@@__crt_stdio_output@@IAE_NAA_J@Z 00426420 f i libucrtd:output.obj
 0001:00025560       ??$extract_argument_from_va_list@C_J@?$positional_parameter_base@DV?$string_output_adapter@D@__crt_stdio_output@@@__crt_stdio_output@@IAE_NAA_J@Z 00426560 f i libucrtd:output.obj
 0001:000256a0       ??$extract_argument_from_va_list@C_J@?$positional_parameter_base@_WV?$stream_output_adapter@_W@__crt_stdio_output@@@__crt_stdio_output@@IAE_NAA_J@Z 004266a0 f i libucrtd:output.obj
 0001:000257e0       ??$extract_argument_from_va_list@C_J@?$positional_parameter_base@_WV?$string_output_adapter@_W@__crt_stdio_output@@@__crt_stdio_output@@IAE_NAA_J@Z 004267e0 f i libucrtd:output.obj
 0001:00025920       ??$extract_argument_from_va_list@C_J@?$standard_base@DV?$stream_output_adapter@D@__crt_stdio_output@@@__crt_stdio_output@@IAE_NAA_J@Z 00426920 f i libucrtd:output.obj
 0001:00025950       ??$extract_argument_from_va_list@C_J@?$standard_base@DV?$string_output_adapter@D@__crt_stdio_output@@@__crt_stdio_output@@IAE_NAA_J@Z 00426950 f i libucrtd:output.obj
 0001:00025980       ??$extract_argument_from_va_list@C_J@?$standard_base@_WV?$stream_output_adapter@_W@__crt_stdio_output@@@__crt_stdio_output@@IAE_NAA_J@Z 00426980 f i libucrtd:output.obj
 0001:000259b0       ??$extract_argument_from_va_list@C_J@?$standard_base@_WV?$string_output_adapter@_W@__crt_stdio_output@@@__crt_stdio_output@@IAE_NAA_J@Z 004269b0 f i libucrtd:output.obj
 0001:000259e0       ??$extract_argument_from_va_list@E_J@?$positional_parameter_base@DV?$stream_output_adapter@D@__crt_stdio_output@@@__crt_stdio_output@@IAE_NAA_J@Z 004269e0 f i libucrtd:output.obj
 0001:00025b20       ??$extract_argument_from_va_list@E_J@?$positional_parameter_base@DV?$string_output_adapter@D@__crt_stdio_output@@@__crt_stdio_output@@IAE_NAA_J@Z 00426b20 f i libucrtd:output.obj
 0001:00025c60       ??$extract_argument_from_va_list@E_J@?$positional_parameter_base@_WV?$stream_output_adapter@_W@__crt_stdio_output@@@__crt_stdio_output@@IAE_NAA_J@Z 00426c60 f i libucrtd:output.obj
 0001:00025da0       ??$extract_argument_from_va_list@E_J@?$positional_parameter_base@_WV?$string_output_adapter@_W@__crt_stdio_output@@@__crt_stdio_output@@IAE_NAA_J@Z 00426da0 f i libucrtd:output.obj
 0001:00025ee0       ??$extract_argument_from_va_list@E_J@?$standard_base@DV?$stream_output_adapter@D@__crt_stdio_output@@@__crt_stdio_output@@IAE_NAA_J@Z 00426ee0 f i libucrtd:output.obj
 0001:00025f10       ??$extract_argument_from_va_list@E_J@?$standard_base@DV?$string_output_adapter@D@__crt_stdio_output@@@__crt_stdio_output@@IAE_NAA_J@Z 00426f10 f i libucrtd:output.obj
 0001:00025f40       ??$extract_argument_from_va_list@E_J@?$standard_base@_WV?$stream_output_adapter@_W@__crt_stdio_output@@@__crt_stdio_output@@IAE_NAA_J@Z 00426f40 f i libucrtd:output.obj
 0001:00025f70       ??$extract_argument_from_va_list@E_J@?$standard_base@_WV?$string_output_adapter@_W@__crt_stdio_output@@@__crt_stdio_output@@IAE_NAA_J@Z 00426f70 f i libucrtd:output.obj
 0001:00025fa0       ??$extract_argument_from_va_list@F_J@?$positional_parameter_base@DV?$stream_output_adapter@D@__crt_stdio_output@@@__crt_stdio_output@@IAE_NAA_J@Z 00426fa0 f i libucrtd:output.obj
 0001:000260d0       ??$extract_argument_from_va_list@F_J@?$positional_parameter_base@DV?$string_output_adapter@D@__crt_stdio_output@@@__crt_stdio_output@@IAE_NAA_J@Z 004270d0 f i libucrtd:output.obj
 0001:00026200       ??$extract_argument_from_va_list@F_J@?$positional_parameter_base@_WV?$stream_output_adapter@_W@__crt_stdio_output@@@__crt_stdio_output@@IAE_NAA_J@Z 00427200 f i libucrtd:output.obj
 0001:00026330       ??$extract_argument_from_va_list@F_J@?$positional_parameter_base@_WV?$string_output_adapter@_W@__crt_stdio_output@@@__crt_stdio_output@@IAE_NAA_J@Z 00427330 f i libucrtd:output.obj
[...]
 0002:0001ef00       __sehtable$__CrtCheckMemory 004a4f00     libucrtd:debug_heap.obj
 0002:0001ef20       __sehtable$__CrtDoForAllClientObjects 004a4f20     libucrtd:debug_heap.obj
 0002:0001ef40       __sehtable$__CrtIsMemoryBlock 004a4f40     libucrtd:debug_heap.obj
 0002:0001ef60       __sehtable$__CrtMemCheckpoint 004a4f60     libucrtd:debug_heap.obj
 0002:0001ef80       __sehtable$__CrtMemDumpAllObjectsSince 004a4f80     libucrtd:debug_heap.obj
 0002:0001efa0       __sehtable$__CrtSetDbgFlag 004a4fa0     libucrtd:debug_heap.obj
 0002:0001efc0       __sehtable$__expand_dbg    004a4fc0     libucrtd:debug_heap.obj
 0002:0001efe0       __sehtable$__free_dbg      004a4fe0     libucrtd:debug_heap.obj
 0002:0001f000       __sehtable$__msize_dbg     004a5000     libucrtd:debug_heap.obj
 0002:0001f020       __sehtable$__realloc_dbg   004a5020     libucrtd:debug_heap.obj
 0002:0001f040       __sehtable$?is_bad_read_pointer@@YA_NQBXI@Z 004a5040     libucrtd:debug_heap.obj
 0002:0001f060       __sehtable$?validate_heap_if_required_nolock@@YAXXZ 004a5060     libucrtd:debug_heap.obj
 0002:0001f080       __sehtable$?heap_alloc_dbg_internal@@YAPAXIHQBDH@Z 004a5080     libucrtd:debug_heap.obj
 0002:0001f0a0       __sehtable$__CrtSetDbgBlockType 004a50a0     libucrtd:debug_heap.obj
 0002:0001f0c0       __sehtable$_terminate      004a50c0     libucrtd:terminate.obj
 0002:0001f0e0       __sehtable$??$?RV<lambda_15ade71b0218206bbe3333a0c9b79046>@@AAV<lambda_da44e0f8b0f19ba52fefafb335991732>@@V<lambda_207f2d024fc103971653565357d6cd41>@@@?$__crt_seh_guarded_call@X@@QAEX$$QAV<lambda_15ade71b0218206bbe3333a0c9b79046>@@AAV<lambda_da44e0f8b0f19ba52fefafb335991732>@@$$QAV<lambda_207f2d024fc103971653565357d6cd41>@@@Z 004a50e0     libucrtd:per_thread_data.obj
 0002:0001f100       __sehtable$??$?RV<lambda_a7e850c220f1c8d1e6efeecdedd162c6>@@AAV<lambda_46720907175c18b6c9d2717bc0d2d362>@@V<lambda_9048902d66e8d99359bc9897bbb930a8>@@@?$__crt_seh_guarded_call@X@@QAEX$$QAV<lambda_a7e850c220f1c8d1e6efeecdedd162c6>@@AAV<lambda_46720907175c18b6c9d2717bc0d2d362>@@$$QAV<lambda_9048902d66e8d99359bc9897bbb930a8>@@@Z 004a5100     libucrtd:per_thread_data.obj
 0002:0001f120       __sehtable$??$?RV<lambda_eb0e2b1d104b126d27395a74edba6f03>@@AAV<lambda_d51eb34c9f7d53dbc39f6b791b6a3e42>@@V<lambda_f7564ebddb1f0eaf818ab6f3eade8363>@@@?$__crt_seh_guarded_call@X@@QAEX$$QAV<lambda_eb0e2b1d104b126d27395a74edba6f03>@@AAV<lambda_d51eb34c9f7d53dbc39f6b791b6a3e42>@@$$QAV<lambda_f7564ebddb1f0eaf818ab6f3eade8363>@@@Z 004a5120     libucrtd:per_thread_data.obj
 0002:0001f140       __sehtable$??$?RV<lambda_6affb1475c98b40b75cdec977db92e3c>@@AAV<lambda_b8d4b9c228a6ecc3f80208dbb4b4a104>@@V<lambda_608742c3c92a14382c1684fc64f96c88>@@@?$__crt_seh_guarded_call@X@@QAEX$$QAV<lambda_6affb1475c98b40b75cdec977db92e3c>@@AAV<lambda_b8d4b9c228a6ecc3f80208dbb4b4a104>@@$$QAV<lambda_608742c3c92a14382c1684fc64f96c88>@@@Z 004a5140     libucrtd:per_thread_data.obj
 0002:0001f15c       __unwindtable$?fp_format_a@@YAHQBNPADIQADIH_NIQAU__crt_locale_pointers@@@Z 004a515c     libucrtd:cvt.obj
 0002:0001f164       __ehfuncinfo$?fp_format_a@@YAHQBNPADIQADIH_NIQAU__crt_locale_pointers@@@Z 004a5164     libucrtd:cvt.obj
 0002:0001f188       __sehtable$_fputwc         004a5188     libucrtd:fputwc.obj
 0002:0001f1a8       __sehtable$_fputc          004a51a8     libucrtd:fputc.obj
 0002:0001f1c8       __sehtable$___acrt_initialize_lowio 004a51c8     libucrtd:ioinit.obj
 0002:0001f1e8       __sehtable$?update_thread_multibyte_data_internal@@YAPAU__crt_multibyte_data@@QAU__acrt_ptd@@QAU1@@Z 004a51e8     libucrtd:mbctype.obj
 0002:0001f208       __sehtable$??$?RV<lambda_b5fb591949065c3fa449bad279e8c939>@@AAV<lambda_6c10a39a819b864ce80acc26b314dcd3>@@V<lambda_e567670a9eae49807d365f3e9c117712>@@@?$__crt_seh_guarded_call@X@@QAEX$$QAV<lambda_b5fb591949065c3fa449bad279e8c939>@@AAV<lambda_6c10a39a819b864ce80acc26b314dcd3>@@$$QAV<lambda_e567670a9eae49807d365f3e9c117712>@@@Z 004a5208     libucrtd:mbctype.obj
 0002:0001f228       __sehtable$??$?RV<lambda_93797fb4802c957ba6a7f08e1250235b>@@AAV<lambda_1f3ce6bd48e0aa2e72a71c02eee379d3>@@V<lambda_56cae30c9364c9b6c15aeaac05d0418e>@@@?$__crt_seh_guarded_call@H@@QAEH$$QAV<lambda_93797fb4802c957ba6a7f08e1250235b>@@AAV<lambda_1f3ce6bd48e0aa2e72a71c02eee379d3>@@$$QAV<lambda_56cae30c9364c9b6c15aeaac05d0418e>@@@Z 004a5228     libucrtd:winapi_thunks.obj
 0002:0001f248       __sehtable$_signal         004a5248     libucrtd:signal.obj
 0002:0001f268       __sehtable$_raise          004a5268     libucrtd:signal.obj
 0002:0001f288       __sehtable$?ctrlevent_capture@@YGHK@Z 004a5288     libucrtd:signal.obj
 0002:0001f2a8       __sehtable$??$?RV<lambda_cbab9ec6f41b0180b23cc171c22676b0>@@AAV<lambda_44731a7d0e6d81c3e6aa82d741081786>@@V<lambda_4b292cb8dd18144e164572427af410ab>@@@?$__crt_seh_guarded_call@P6AXH@Z@@QAEP6AXH@Z$$QAV<lambda_cbab9ec6f41b0180b23cc171c22676b0>@@AAV<lambda_44731a7d0e6d81c3e6aa82d741081786>@@$$QAV<lambda_4b292cb8dd18144e164572427af410ab>@@@Z 004a52a8     libucrtd:signal.obj
 0002:0001f2c8       __sehtable$__VCrtDbgReportA 004a52c8     libucrtd:dbgrptt.obj
 0002:0001f2f0       __sehtable$__VCrtDbgReportW 004a52f0     libucrtd:dbgrptt.obj
 0002:0001f318       __sehtable$__open_osfhandle 004a5318     libucrtd:osfinfo.obj
 0002:0001f338       __sehtable$__alloc_osfhnd  004a5338     libucrtd:osfinfo.obj
 0002:0001f358       __sehtable$___acrt_lowio_ensure_fh_exists 004a5358     libucrtd:osfinfo.obj
 0002:0001f378       __sehtable$___acrt_update_thread_locale_data 004a5378     libucrtd:locale_refcounting.obj
 0002:0001f398       __sehtable$__tzset         004a5398     libucrtd:tzset.obj
 0002:0001f3b8       __sehtable$__isindst       004a53b8     libucrtd:tzset.obj
 0002:0001f3d8       __sehtable$___tzset        004a53d8     libucrtd:tzset.obj
 0002:0001f3f8       __sehtable$__fcloseall     004a53f8     libucrtd:closeall.obj
 0002:0001f418       __sehtable$??$?RV<lambda_2866be3712abc81a800a822484c830d8>@@AAV<lambda_39ca0ed439415581b5b15c265174cece>@@V<lambda_2b24c74d71094a6cd0cb82e44167d71b>@@@?$__crt_seh_guarded_call@X@@QAEX$$QAV<lambda_2866be3712abc81a800a822484c830d8>@@AAV<lambda_39ca0ed439415581b5b15c265174cece>@@$$QAV<lambda_2b24c74d71094a6cd0cb82e44167d71b>@@@Z 004a5418     libucrtd:fflush.obj
 0002:0001f438       __sehtable$??$?RV<lambda_2cc53f568c5a2bb6f192f930a45d44ea>@@AAV<lambda_ab61a845afdef5b7c387490eaf3616ee>@@V<lambda_c2ffc0b7726aa6be21d5f0026187e748>@@@?$__crt_seh_guarded_call@X@@QAEX$$QAV<lambda_2cc53f568c5a2bb6f192f930a45d44ea>@@AAV<lambda_ab61a845afdef5b7c387490eaf3616ee>@@$$QAV<lambda_c2ffc0b7726aa6be21d5f0026187e748>@@@Z 004a5438     libucrtd:fflush.obj
 0002:0001f458       __sehtable$??$?RV<lambda_6d20deecaf4856105ebacbad442d1079>@@AAV<lambda_9a32fed5bf61b6b509b2d3f6003082a1>@@V<lambda_63ea2239ed67c638ddbae41947fdf875>@@@?$__crt_seh_guarded_call@H@@QAEH$$QAV<lambda_6d20deecaf4856105ebacbad442d1079>@@AAV<lambda_9a32fed5bf61b6b509b2d3f6003082a1>@@$$QAV<lambda_63ea2239ed67c638ddbae41947fdf875>@@@Z 004a5458     libucrtd:fflush.obj
 0002:0001f474       __unwindtable$?shortsort@@YAXPAD0IP6AHPBX1@Z@Z 004a5474     libucrtd:qsort.obj
 0002:0001f47c       __ehfuncinfo$?shortsort@@YAXPAD0IP6AHPBX1@Z@Z 004a547c     libucrtd:qsort.obj
 0002:0001f4a0       __unwindtable$?_wcstombs_l_helper@@YAIPADPB_WIPAU__crt_locale_pointers@@@Z 004a54a0     libucrtd:wcstombs.obj
 0002:0001f4a8       __ehfuncinfo$?_wcstombs_l_helper@@YAIPADPB_WIPAU__crt_locale_pointers@@@Z 004a54a8     libucrtd:wcstombs.obj
 0002:0001f4d0       __sehtable$___set_fpsr_sse2 004a54d0     libucrtd:fpctrl.obj
 0002:0001f4f0       __sehtable$??$common_getenv@D@@YAPADQBD@Z 004a54f0     libucrtd:getenv.obj
 0002:0001f510       __sehtable$??$common_getenv@_W@@YAPA_WQB_W@Z 004a5510     libucrtd:getenv.obj
 0002:0001f530       __sehtable$??$common_getenv_s@D@@YAHQAIQADIQBD@Z 004a5530     libucrtd:getenv.obj
 0002:0001f550       __sehtable$??$common_getenv_s@_W@@YAHQAIQA_WIQB_W@Z 004a5550     libucrtd:getenv.obj
 0002:0001f570       __sehtable$??$common_dupenv_s@D@@YAHQAPADQAIQBDH2H@Z 004a5570     libucrtd:getenv.obj
 0002:0001f590       __sehtable$??$common_dupenv_s@_W@@YAHQAPA_WQAIQB_WHQBDH@Z 004a5590     libucrtd:getenv.obj
 0002:0001f5b0       __sehtable$__write         004a55b0     libucrtd:write.obj
 0002:0001f5d0       __sehtable$??$common_lseek@J@@YAJHJH@Z 004a55d0     libucrtd:lseek.obj
 0002:0001f5f0       __sehtable$??$common_lseek@_J@@YA_JH_JH@Z 004a55f0     libucrtd:lseek.obj
 0002:0001f610       __sehtable$_fclose         004a5610     libucrtd:fclose.obj
 0002:0001f630       __sehtable$??$?RV<lambda_73934b50d04267ee15484ada9e51f93a>@@AAV<lambda_5533cddd4bda0037814beee657757329>@@V<lambda_505f522a38cc75b1e009910344c75d09>@@@?$__crt_seh_guarded_call@H@@QAEH$$QAV<lambda_73934b50d04267ee15484ada9e51f93a>@@AAV<lambda_5533cddd4bda0037814beee657757329>@@$$QAV<lambda_505f522a38cc75b1e009910344c75d09>@@@Z 004a5630     libucrtd:commit.obj
 0002:0001f650       __sehtable$??$?RV<lambda_f828341fbe69b7c0d4c527b01f22877f>@@AAV<lambda_9e0b6ab72a5b3ae37ad997d08b519f50>@@V<lambda_f01deac0a8d65d6e0411edf7e0af5775>@@@?$__crt_seh_guarded_call@G@@QAEG$$QAV<lambda_f828341fbe69b7c0d4c527b01f22877f>@@AAV<lambda_9e0b6ab72a5b3ae37ad997d08b519f50>@@$$QAV<lambda_f01deac0a8d65d6e0411edf7e0af5775>@@@Z 004a5650     libucrtd:putwch.obj
 0002:0001f670       __sehtable$??$?RV<lambda_e683defbe2e5a27c42b5544acbb13393>@@AAV<lambda_4e7105787b7b0e0227fbf2b2d883fa65>@@V<lambda_80a887151cae997482d53eaa74bb832b>@@@?$__crt_seh_guarded_call@H@@QAEH$$QAV<lambda_e683defbe2e5a27c42b5544acbb13393>@@AAV<lambda_4e7105787b7b0e0227fbf2b2d883fa65>@@$$QAV<lambda_80a887151cae997482d53eaa74bb832b>@@@Z 004a5670     libucrtd:close.obj
 0002:0001f690       __sehtable$?__acrt_stdio_allocate_stream@@YA?AV__crt_stdio_stream@@XZ 004a5690     libucrtd:stream.obj
 0002:0001f6b0       __sehtable$__IsNonwritableInCurrentImage 004a56b0     LIBCMTD:pesect.obj
 0002:0001f9ea       .idata$6                   004a59ea     Version:VERSION.dll
 0002:0001fc0a       .idata$6                   004a5c0a     kernel32:KERNEL32.dll
 0002:0001fcfe       .idata$6                   004a5cfe     user32:USER32.dll
 0002:0001fd40       .idata$6                   004a5d40     ole32:ole32.dll
 0002:0001fd4a       .idata$6                   004a5d4a     oleaut32:OLEAUT32.dll
 0003:00000240       ?__vcrt_flsindex@@3KA      004a7240     libvcruntimed:per_thread_data.obj
 0003:00000260       __ctype_loc_style          004a7260     libucrtd:wsetlocale.obj
 0003:00000264       ?__acrt_current_request_number@@3JA 004a7264     libucrtd:debug_heap.obj
 0003:00000274       ?errno_no_memory@@3HA      004a7274     libucrtd:errno.obj
 0003:00000278       ?doserrno_no_memory@@3KA   004a7278     libucrtd:errno.obj
 0003:0000027c       ?__acrt_flsindex@@3KA      004a727c     libucrtd:per_thread_data.obj
 0003:0000034c       ?__acrt_debug_fill_threshold@@3IA 004a734c     libucrtd:debug_fill_threshold.obj
 0003:00000428       __mbctypes                 004a7428     libucrtd:mbctype.obj
 0003:00000530       __mbcasemaps               004a7530     libucrtd:mbctype.obj
 0003:00000630       ?__rgctypeflag@@3PADA      004a7630     libucrtd:mbctype.obj
 0003:00000638       ?__rgcode_page_info@@3PAUcode_page_info@@A 004a7638     libucrtd:mbctype.obj
 0003:000009d0       ?global_msvcrt_heap_handle_cache@?1??__acrt_get_msvcrt_heap_handle@@9@4PAXA 004a79d0     libucrtd:free_base.obj
 0003:000009e0       ?tzstd_program@@3PADA      004a79e0     libucrtd:timeset.obj
 0003:00000a20       ?tzdst_program@@3PADA      004a7a20     libucrtd:timeset.obj
 0003:00000a60       ?tzname_states@@3PAY01PADA 004a7a60     libucrtd:timeset.obj
 0003:00000a68       ?dststart@@3Utransitiondate@?A0x7639d0b4@@A 004a7a68     libucrtd:tzset.obj
 0003:00000a74       ?dstend@@3Utransitiondate@?A0x7639d0b4@@A 004a7a74     libucrtd:tzset.obj
 0003:00000a80       ?__DAZ_ENABLED@?1??__set_fpsr_sse2@@9@9 004a7a80     libucrtd:fpctrl.obj
 0003:00000a90       ?__dcrt_lowio_console_output_handle@@3PAXA 004a7a90     libucrtd:initcon.obj
 0003:000015c8       ?module_local_atexit_table@@3U_onexit_table_t@@A 004a85c8     LIBCMTD:utility.obj
 0003:000015d4       ?module_local_at_quick_exit_table@@3U_onexit_table_t@@A 004a85d4     LIBCMTD:utility.obj
 0003:000015e0       ?module_local_atexit_table_initialized@@3_NA 004a85e0     LIBCMTD:utility.obj
 0003:000015ec       ?is_initialized_as_dll@@3_NA 004a85ec     LIBCMTD:utility.obj
 0003:000015f0       _GS_ExceptionRecord        004a85f0     LIBCMTD:gs_report.obj
 0003:00001640       _GS_ContextRecord          004a8640     LIBCMTD:gs_report.obj
 0003:0000190c       ?init@?1??_RTC_InitBase@@9@4_NA 004a890c     LIBCMTD:_init_.obj
 0003:0000191c       ?_RTC_ErrorReportFunc@@3P6AHHPBDH00ZZA 004a891c     LIBCMTD:_userapi_.obj
 0003:00001920       ?_RTC_ErrorReportFuncW@@3P6AHHPB_WH00ZZA 004a8920     LIBCMTD:_userapi_.obj
 0003:00001938       ?mspdb@@3PAUHINSTANCE__@@A 004a8938     LIBCMTD:_pdblkup_.obj
 0003:0000193c       ?alreadyTried@?1??GetPdbDll@@YAPAUHINSTANCE__@@XZ@4_NA 004a893c     LIBCMTD:_pdblkup_.obj
 0003:0000193d       ?PDBOK@?1??_RTC_GetSrcLine@@YAHPAEPA_WKPAH1K@Z@4_NA 004a893d     LIBCMTD:_pdblkup_.obj
 0003:00001940       ?__vcrt_startup_thread_ptd@@3U__vcrt_ptd@@A 004a8940     libvcruntimed:per_thread_data.obj
 0003:00001968       ___vcrt_lock_table         004a8968     libvcruntimed:locks.obj
 0003:00001980       ___vcrt_locks_initialized  004a8980     libvcruntimed:locks.obj
 0003:00001984       ?module_handles@@3PAPAUHINSTANCE__@@A 004a8984     libvcruntimed:winapi_downlevel.obj
 0003:00001990       ?encoded_function_pointers@@3PAPAXA 004a8990     libvcruntimed:winapi_downlevel.obj
 0003:000019d0       ?heap@@3V_HeapManager@@A   004a89d0     libvcruntimed:undname.obj
 0003:000019e8       ?buf@?1??dbGetString@DName@@QBEPADXZ@4PADA 004a89e8     libvcruntimed:undname.obj
 0003:00001a70       ?__acrt_new_handler@@3V?$dual_state_global@P6AHI@Z@__crt_state_management@@A 004a8a70     libucrtd:new_handler.obj
 0003:00001a74       ?c_termination_complete@@3JA 004a8a74     libucrtd:exit.obj
 0003:00001a78       ?thread_local_exit_callback_func@@3P6GXPAXK0@ZA 004a8a78     libucrtd:exit.obj
 0003:00001a80       ?program_name@?1???$common_configure_argv@D@@YAHW4_crt_argv_mode@@@Z@4PADA 004a8a80     libucrtd:argv_parsing.obj
 0003:00001b88       ?program_name@?1???$common_configure_argv@_W@@YAHW4_crt_argv_mode@@@Z@4PA_WA 004a8b88     libucrtd:argv_parsing.obj
 0003:00001dbc       ?__acrt_app_type@@3W4_crt_app_type@@A 004a8dbc     libucrtd:report_runtime_error.obj
 0003:00001dc0       ?outmsg@?9??__acrt_report_runtime_error@@9@4PA_WA 004a8dc0     libucrtd:report_runtime_error.obj
 0003:000023e8       ?user_matherr@@3V?$dual_state_global@P6AHPAU_exception@@@Z@__crt_state_management@@A 004a93e8     libucrtd:matherr.obj
 0003:000023ec       ?empty_string@?1???$common_wincmdln@E@@YAPAEXZ@4PAEA 004a93ec     libucrtd:argv_winmain.obj
 0003:000023f0       ?empty_string@?1???$common_wincmdln@_W@@YAPA_WXZ@4PA_WA 004a93f0     libucrtd:argv_winmain.obj
 0003:000023f8       ?__acrt_global_new_mode@@3V?$dual_state_global@J@__crt_state_management@@A 004a93f8     libucrtd:new_mode.obj
 0003:00002400       ?__acrt_first_block@@3PAU_CrtMemBlockHeader@@A 004a9400     libucrtd:debug_heap.obj
 0003:00002404       ?__acrt_last_block@@3PAU_CrtMemBlockHeader@@A 004a9404     libucrtd:debug_heap.obj
 0003:00002408       ?__acrt_total_allocations@@3IA 004a9408     libucrtd:debug_heap.obj
 0003:0000240c       ?__acrt_current_allocations@@3IA 004a940c     libucrtd:debug_heap.obj
 0003:00002410       ?__acrt_max_allocations@@3IA 004a9410     libucrtd:debug_heap.obj
 0003:00002414       ?__acrt_check_frequency@@3IA 004a9414     libucrtd:debug_heap.obj
 0003:00002418       ?__acrt_check_counter@@3IA 004a9418     libucrtd:debug_heap.obj
 0003:00002420       ?heap_validation_pending@@3_NA 004a9420     libucrtd:debug_heap.obj
 0003:00002424       ?__acrt_invalid_parameter_handler@@3V?$dual_state_global@P6AXPB_W00II@Z@__crt_state_management@@A 004a9424     libucrtd:invalid_parameter.obj
 0003:00002438       ?enable_percent_n@@3IA     004a9438     libucrtd:printf_count_output.obj
 0003:00002650       ?__acrt_lock_table@@3PAU_RTL_CRITICAL_SECTION@@A 004a9650     libucrtd:locks.obj
 0003:000027a0       ?__acrt_locks_initialized@@3IA 004a97a0     libucrtd:locks.obj
 0003:000027a4       ?state_cache@?1???$get_cached_win_policy@Ubegin_thread_init_policy_properties@?1??__acrt_get_begin_thread_init_policy@@YA?AW4begin_thread_init_policy@@XZ@@@YA?AW4begin_thread_init_policy@@W4AppPolicyThreadInitializationType@@@Z@4JA 004a97a4     libucrtd:win_policies.obj
 0003:000027a8       ?state_cache@?1???$get_cached_win_policy@Udeveloper_information_policy_properties@?1??__acrt_get_developer_information_policy@@YA?AW4developer_information_policy@@XZ@@@YA?AW4developer_information_policy@@W4AppPolicyShowDeveloperDiagnostic@@@Z@4JA 004a97a8     libucrtd:win_policies.obj
 0003:000027ac       ?state_cache@?1???$get_cached_win_policy@Uwindowing_model_policy_properties@?1??__acrt_get_windowing_model_policy@@YA?AW4windowing_model_policy@@XZ@@@YA?AW4windowing_model_policy@@W4AppPolicyWindowingModel@@@Z@4JA 004a97ac     libucrtd:win_policies.obj
 0003:000027bc       ?fSystemSet@@3HA           004a97bc     libucrtd:mbctype.obj
 0003:000027c0       ?initialized@?1??__acrt_initialize_multibyte@@9@4_NA 004a97c0     libucrtd:mbctype.obj
 0003:000027e0       ?module_handles@@3PAPAUHINSTANCE__@@A 004a97e0     libucrtd:winapi_thunks.obj
 0003:00002830       ?encoded_function_pointers@@3PAPAXA 004a9830     libucrtd:winapi_thunks.obj
 0003:000028b8       ?static_enum_proc@?1??enum_system_locales_ex_nolock@@YAHQ6GHPA_WKJ@Z@Z@4P6GH0KJ@ZA 004a98b8     libucrtd:winapi_thunks.obj
 0003:000028c0       ?console_ctrl_handler_installed@@3_NA 004a98c0     libucrtd:signal.obj
 0003:000028c4       ?ctrlc_action@@3V?$dual_state_global@P6AXH@Z@__crt_state_management@@A 004a98c4     libucrtd:signal.obj
 0003:000028c8       ?ctrlbreak_action@@3V?$dual_state_global@P6AXH@Z@__crt_state_management@@A 004a98c8     libucrtd:signal.obj
 0003:000028cc       ?abort_action@@3V?$dual_state_global@P6AXH@Z@__crt_state_management@@A 004a98cc     libucrtd:signal.obj
 0003:000028d0       ?term_action@@3V?$dual_state_global@P6AXH@Z@__crt_state_management@@A 004a98d0     libucrtd:signal.obj
 0003:000028e0       ___acrt_error_mode         004a98e0     libucrtd:set_error_mode.obj
 0003:000028fc       ?_tzname@@3V?$dual_state_global@PAPAD@__crt_state_management@@A 004a98fc     libucrtd:timeset.obj
 0003:00002900       ?last_tz@@3PADA            004a9900     libucrtd:tzset.obj
 0003:00002908       ?tz_api_used@@3HA          004a9908     libucrtd:tzset.obj
 0003:00002910       ?tz_info@@3U_TIME_ZONE_INFORMATION@@A 004a9910     libucrtd:tzset.obj
 0003:000029bc       ?first_time@?1??__tzset@@9@4JA 004a99bc     libucrtd:tzset.obj
 0003:000029c4       __pmatherr_set             004a99c4     libucrtd:libm_error.obj
 0004:000002b0       $R000000                   004aa2b0     dbproexe.res
 0004:00000738       $R000488                   004aa738     dbproexe.res
 0004:000023e0       $R002130                   004ac3e0     dbproexe.res
 0004:00003088       $R002DD8                   004ad088     dbproexe.res
 0004:000033f0       $R003140                   004ad3f0     dbproexe.res
 0004:00004298       $R003FE8                   004ae298     dbproexe.res
 0004:00004b40       $R004890                   004aeb40     dbproexe.res
 0004:000050a8       $R004DF8                   004af0a8     dbproexe.res
 0004:00005710       $R005460                   004af710     dbproexe.res
 0004:000059f8       $R005748                   004af9f8     dbproexe.res
 0004:00005b20       $R005870                   004afb20     dbproexe.res
 0004:00005ba8       $R0058F8                   004afba8     dbproexe.res
